/home/razielgdn/github-pages/Source/xcp.c:418:13:XcpProtectResources	0	static
/home/razielgdn/github-pages/Source/xcp.c:452:13:XcpSetCtoError	0	static
/home/razielgdn/github-pages/Source/xcp.c:468:19:XcpGetOrderedLong	0	static
/home/razielgdn/github-pages/Source/xcp.c:495:13:XcpSetOrderedLong	0	static
/home/razielgdn/github-pages/Source/xcp.c:604:13:XcpCmdDisconnect	8	static
/home/razielgdn/github-pages/Source/xcp.c:630:13:XcpCmdGetStatus	0	static
/home/razielgdn/github-pages/Source/xcp.c:661:13:XcpCmdSynch	8	static
/home/razielgdn/github-pages/Source/xcp.c:678:13:XcpCmdGetId	8	static
/home/razielgdn/github-pages/Source/xcp.c:714:13:XcpCmdSetMta	8	static
/home/razielgdn/github-pages/Source/xcp.c:1480:13:XcpCmdProgramPrepare	8	static
/home/razielgdn/github-pages/Source/xcp.c:1266:13:XcpCmdProgramStart	16	static
/home/razielgdn/github-pages/Source/xcp.c:518:13:XcpCmdConnect	16	static
/home/razielgdn/github-pages/Source/xcp.c:734:13:XcpCmdUpload	16	static
/home/razielgdn/github-pages/Source/xcp.c:800:13:XcpCmdShortUpload	16	static
/home/razielgdn/github-pages/Source/xcp.c:356:18:XcpComputeChecksum	24	static
/home/razielgdn/github-pages/Source/xcp.c:944:13:XcpCmdBuildCheckSum	24	static
/home/razielgdn/github-pages/Source/xcp.c:1310:13:XcpCmdProgramMax	16	static
/home/razielgdn/github-pages/Source/xcp.c:1348:13:XcpCmdProgram	8	static
/home/razielgdn/github-pages/Source/xcp.c:1405:13:XcpCmdProgramClear	8	static
/home/razielgdn/github-pages/Source/xcp.c:1445:13:XcpCmdProgramReset	8	static
/home/razielgdn/github-pages/Source/xcp.c:335:13:XcpTransmitPacket	8	static
/home/razielgdn/github-pages/Source/xcp.c:155:6:XcpInit	0	static
/home/razielgdn/github-pages/Source/xcp.c:172:10:XcpIsConnected	0	static
/home/razielgdn/github-pages/Source/xcp.c:188:6:XcpPacketTransmitted	0	static
/home/razielgdn/github-pages/Source/xcp.c:202:6:XcpPacketReceived	8	static
