Archive member included to satisfy reference by file (symbol)

/opt/st/stm32cubeide_1.13.2/plugins/com.st.stm32cube.ide.mcu.externaltools.gnu-tools-for-stm32.11.3.rel1.linux64_1.1.1.202309131626/tools/bin/../lib/gcc/arm-none-eabi/11.3.1/../../../../arm-none-eabi/lib/thumb/v7e-m+fp/hard/libc_nano.a(libc_a-exit.o)
                              /opt/st/stm32cubeide_1.13.2/plugins/com.st.stm32cube.ide.mcu.externaltools.gnu-tools-for-stm32.11.3.rel1.linux64_1.1.1.202309131626/tools/bin/../lib/gcc/arm-none-eabi/11.3.1/../../../../arm-none-eabi/lib/thumb/v7e-m+fp/hard/crt0.o (exit)
/opt/st/stm32cubeide_1.13.2/plugins/com.st.stm32cube.ide.mcu.externaltools.gnu-tools-for-stm32.11.3.rel1.linux64_1.1.1.202309131626/tools/bin/../lib/gcc/arm-none-eabi/11.3.1/../../../../arm-none-eabi/lib/thumb/v7e-m+fp/hard/libc_nano.a(libc_a-findfp.o)
                              /opt/st/stm32cubeide_1.13.2/plugins/com.st.stm32cube.ide.mcu.externaltools.gnu-tools-for-stm32.11.3.rel1.linux64_1.1.1.202309131626/tools/bin/../lib/gcc/arm-none-eabi/11.3.1/../../../../arm-none-eabi/lib/thumb/v7e-m+fp/hard/libc_nano.a(libc_a-exit.o) (__stdio_exit_handler)
/opt/st/stm32cubeide_1.13.2/plugins/com.st.stm32cube.ide.mcu.externaltools.gnu-tools-for-stm32.11.3.rel1.linux64_1.1.1.202309131626/tools/bin/../lib/gcc/arm-none-eabi/11.3.1/../../../../arm-none-eabi/lib/thumb/v7e-m+fp/hard/libc_nano.a(libc_a-fwalk.o)
                              /opt/st/stm32cubeide_1.13.2/plugins/com.st.stm32cube.ide.mcu.externaltools.gnu-tools-for-stm32.11.3.rel1.linux64_1.1.1.202309131626/tools/bin/../lib/gcc/arm-none-eabi/11.3.1/../../../../arm-none-eabi/lib/thumb/v7e-m+fp/hard/libc_nano.a(libc_a-findfp.o) (_fwalk_sglue)
/opt/st/stm32cubeide_1.13.2/plugins/com.st.stm32cube.ide.mcu.externaltools.gnu-tools-for-stm32.11.3.rel1.linux64_1.1.1.202309131626/tools/bin/../lib/gcc/arm-none-eabi/11.3.1/../../../../arm-none-eabi/lib/thumb/v7e-m+fp/hard/libc_nano.a(libc_a-stdio.o)
                              /opt/st/stm32cubeide_1.13.2/plugins/com.st.stm32cube.ide.mcu.externaltools.gnu-tools-for-stm32.11.3.rel1.linux64_1.1.1.202309131626/tools/bin/../lib/gcc/arm-none-eabi/11.3.1/../../../../arm-none-eabi/lib/thumb/v7e-m+fp/hard/libc_nano.a(libc_a-findfp.o) (__sread)
/opt/st/stm32cubeide_1.13.2/plugins/com.st.stm32cube.ide.mcu.externaltools.gnu-tools-for-stm32.11.3.rel1.linux64_1.1.1.202309131626/tools/bin/../lib/gcc/arm-none-eabi/11.3.1/../../../../arm-none-eabi/lib/thumb/v7e-m+fp/hard/libc_nano.a(libc_a-memset.o)
                              /opt/st/stm32cubeide_1.13.2/plugins/com.st.stm32cube.ide.mcu.externaltools.gnu-tools-for-stm32.11.3.rel1.linux64_1.1.1.202309131626/tools/bin/../lib/gcc/arm-none-eabi/11.3.1/../../../../arm-none-eabi/lib/thumb/v7e-m+fp/hard/crt0.o (memset)
/opt/st/stm32cubeide_1.13.2/plugins/com.st.stm32cube.ide.mcu.externaltools.gnu-tools-for-stm32.11.3.rel1.linux64_1.1.1.202309131626/tools/bin/../lib/gcc/arm-none-eabi/11.3.1/../../../../arm-none-eabi/lib/thumb/v7e-m+fp/hard/libc_nano.a(libc_a-closer.o)
                              /opt/st/stm32cubeide_1.13.2/plugins/com.st.stm32cube.ide.mcu.externaltools.gnu-tools-for-stm32.11.3.rel1.linux64_1.1.1.202309131626/tools/bin/../lib/gcc/arm-none-eabi/11.3.1/../../../../arm-none-eabi/lib/thumb/v7e-m+fp/hard/libc_nano.a(libc_a-stdio.o) (_close_r)
/opt/st/stm32cubeide_1.13.2/plugins/com.st.stm32cube.ide.mcu.externaltools.gnu-tools-for-stm32.11.3.rel1.linux64_1.1.1.202309131626/tools/bin/../lib/gcc/arm-none-eabi/11.3.1/../../../../arm-none-eabi/lib/thumb/v7e-m+fp/hard/libc_nano.a(libc_a-reent.o)
                              /opt/st/stm32cubeide_1.13.2/plugins/com.st.stm32cube.ide.mcu.externaltools.gnu-tools-for-stm32.11.3.rel1.linux64_1.1.1.202309131626/tools/bin/../lib/gcc/arm-none-eabi/11.3.1/../../../../arm-none-eabi/lib/thumb/v7e-m+fp/hard/libc_nano.a(libc_a-closer.o) (errno)
/opt/st/stm32cubeide_1.13.2/plugins/com.st.stm32cube.ide.mcu.externaltools.gnu-tools-for-stm32.11.3.rel1.linux64_1.1.1.202309131626/tools/bin/../lib/gcc/arm-none-eabi/11.3.1/../../../../arm-none-eabi/lib/thumb/v7e-m+fp/hard/libc_nano.a(libc_a-impure.o)
                              /opt/st/stm32cubeide_1.13.2/plugins/com.st.stm32cube.ide.mcu.externaltools.gnu-tools-for-stm32.11.3.rel1.linux64_1.1.1.202309131626/tools/bin/../lib/gcc/arm-none-eabi/11.3.1/../../../../arm-none-eabi/lib/thumb/v7e-m+fp/hard/libc_nano.a(libc_a-reent.o) (_impure_ptr)
/opt/st/stm32cubeide_1.13.2/plugins/com.st.stm32cube.ide.mcu.externaltools.gnu-tools-for-stm32.11.3.rel1.linux64_1.1.1.202309131626/tools/bin/../lib/gcc/arm-none-eabi/11.3.1/../../../../arm-none-eabi/lib/thumb/v7e-m+fp/hard/libc_nano.a(libc_a-lseekr.o)
                              /opt/st/stm32cubeide_1.13.2/plugins/com.st.stm32cube.ide.mcu.externaltools.gnu-tools-for-stm32.11.3.rel1.linux64_1.1.1.202309131626/tools/bin/../lib/gcc/arm-none-eabi/11.3.1/../../../../arm-none-eabi/lib/thumb/v7e-m+fp/hard/libc_nano.a(libc_a-stdio.o) (_lseek_r)
[...]
Memory Configuration

Name             Origin             Length             Attributes
RAM              0x0000000020000000 0x0000000000020000 xrw
FLASH            0x0000000008000000 0x0000000000004000 xr
*default*        0x0000000000000000 0xffffffffffffffff

Linker script and memory map

LOAD /opt/st/stm32cubeide_1.13.2/plugins/com.st.stm32cube.ide.mcu.externaltools.gnu-tools-for-stm32.11.3.rel1.linux64_1.1.1.202309131626/tools/bin/../lib/gcc/arm-none-eabi/11.3.1/thumb/v7e-m+fp/hard/crti.o
LOAD /opt/st/stm32cubeide_1.13.2/plugins/com.st.stm32cube.ide.mcu.externaltools.gnu-tools-for-stm32.11.3.rel1.linux64_1.1.1.202309131626/tools/bin/../lib/gcc/arm-none-eabi/11.3.1/thumb/v7e-m+fp/hard/crtbegin.o
LOAD /opt/st/stm32cubeide_1.13.2/plugins/com.st.stm32cube.ide.mcu.externaltools.gnu-tools-for-stm32.11.3.rel1.linux64_1.1.1.202309131626/tools/bin/../lib/gcc/arm-none-eabi/11.3.1/../../../../arm-none-eabi/lib/thumb/v7e-m+fp/hard/crt0.o
LOAD ./App/app.o
LOAD ./App/hooks.o
LOAD ./App/led.o
LOAD ./Core/Src/main.o
LOAD ./Core/Src/stm32f4xx_hal_msp.o
LOAD ./Core/Src/stm32f4xx_it.o
LOAD ./Core/Src/syscalls.o
LOAD ./Core/Src/sysmem.o
LOAD ./Core/Src/system_stm32f4xx.o
LOAD ./Core/Startup/startup_stm32f446retx.o
LOAD ./Drivers/STM32F4xx_HAL_Driver/Src/stm32f4xx_hal.o
LOAD ./Drivers/STM32F4xx_HAL_Driver/Src/stm32f4xx_hal_cortex.o
LOAD ./Drivers/STM32F4xx_HAL_Driver/Src/stm32f4xx_hal_dma.o
LOAD ./Drivers/STM32F4xx_HAL_Driver/Src/stm32f4xx_hal_dma_ex.o
LOAD ./Drivers/STM32F4xx_HAL_Driver/Src/stm32f4xx_hal_exti.o
LOAD ./Drivers/STM32F4xx_HAL_Driver/Src/stm32f4xx_hal_flash.o
LOAD ./Drivers/STM32F4xx_HAL_Driver/Src/stm32f4xx_hal_flash_ex.o
LOAD ./Drivers/STM32F4xx_HAL_Driver/Src/stm32f4xx_hal_flash_ramfunc.o
LOAD ./Drivers/STM32F4xx_HAL_Driver/Src/stm32f4xx_hal_gpio.o
LOAD ./Drivers/STM32F4xx_HAL_Driver/Src/stm32f4xx_hal_pwr.o
LOAD ./Drivers/STM32F4xx_HAL_Driver/Src/stm32f4xx_hal_pwr_ex.o
LOAD ./Drivers/STM32F4xx_HAL_Driver/Src/stm32f4xx_hal_rcc.o
LOAD ./Drivers/STM32F4xx_HAL_Driver/Src/stm32f4xx_hal_rcc_ex.o
LOAD ./Drivers/STM32F4xx_HAL_Driver/Src/stm32f4xx_ll_dma.o
LOAD ./Drivers/STM32F4xx_HAL_Driver/Src/stm32f4xx_ll_exti.o
LOAD ./Drivers/STM32F4xx_HAL_Driver/Src/stm32f4xx_ll_gpio.o
LOAD ./Drivers/STM32F4xx_HAL_Driver/Src/stm32f4xx_ll_rcc.o
LOAD ./Drivers/STM32F4xx_HAL_Driver/Src/stm32f4xx_ll_usart.o
LOAD ./Drivers/STM32F4xx_HAL_Driver/Src/stm32f4xx_ll_utils.o
LOAD ./Loader/ARMCM4_STM32F4/GCC/cpu_comp.o
LOAD ./Loader/ARMCM4_STM32F4/can.o
LOAD ./Loader/ARMCM4_STM32F4/cpu.o
LOAD ./Loader/ARMCM4_STM32F4/flash.o
LOAD ./Loader/ARMCM4_STM32F4/mbrtu.o
LOAD ./Loader/ARMCM4_STM32F4/nvm.o
LOAD ./Loader/ARMCM4_STM32F4/rs232.o
LOAD ./Loader/ARMCM4_STM32F4/timer.o
LOAD ./Loader/ARMCM4_STM32F4/usb.o
LOAD ./Loader/asserts.o
LOAD ./Loader/backdoor.o
LOAD ./Loader/boot.o
LOAD ./Loader/com.o
LOAD ./Loader/cop.o
LOAD ./Loader/file.o
LOAD ./Loader/mb.o
LOAD ./Loader/net.o
LOAD ./Loader/xcp.o
START GROUP
LOAD /opt/st/stm32cubeide_1.13.2/plugins/com.st.stm32cube.ide.mcu.externaltools.gnu-tools-for-stm32.11.3.rel1.linux64_1.1.1.202309131626/tools/bin/../lib/gcc/arm-none-eabi/11.3.1/../../../../arm-none-eabi/lib/thumb/v7e-m+fp/hard/libc_nano.a
LOAD /opt/st/stm32cubeide_1.13.2/plugins/com.st.stm32cube.ide.mcu.externaltools.gnu-tools-for-stm32.11.3.rel1.linux64_1.1.1.202309131626/tools/bin/../lib/gcc/arm-none-eabi/11.3.1/../../../../arm-none-eabi/lib/thumb/v7e-m+fp/hard/libm.a
END GROUP
START GROUP
LOAD /opt/st/stm32cubeide_1.13.2/plugins/com.st.stm32cube.ide.mcu.externaltools.gnu-tools-for-stm32.11.3.rel1.linux64_1.1.1.202309131626/tools/bin/../lib/gcc/arm-none-eabi/11.3.1/thumb/v7e-m+fp/hard/libgcc.a
LOAD /opt/st/stm32cubeide_1.13.2/plugins/com.st.stm32cube.ide.mcu.externaltools.gnu-tools-for-stm32.11.3.rel1.linux64_1.1.1.202309131626/tools/bin/../lib/gcc/arm-none-eabi/11.3.1/../../../../arm-none-eabi/lib/thumb/v7e-m+fp/hard/libc_nano.a
END GROUP
START GROUP
LOAD /opt/st/stm32cubeide_1.13.2/plugins/com.st.stm32cube.ide.mcu.externaltools.gnu-tools-for-stm32.11.3.rel1.linux64_1.1.1.202309131626/tools/bin/../lib/gcc/arm-none-eabi/11.3.1/thumb/v7e-m+fp/hard/libgcc.a
LOAD /opt/st/stm32cubeide_1.13.2/plugins/com.st.stm32cube.ide.mcu.externaltools.gnu-tools-for-stm32.11.3.rel1.linux64_1.1.1.202309131626/tools/bin/../lib/gcc/arm-none-eabi/11.3.1/../../../../arm-none-eabi/lib/thumb/v7e-m+fp/hard/libc_nano.a
LOAD /opt/st/stm32cubeide_1.13.2/plugins/com.st.stm32cube.ide.mcu.externaltools.gnu-tools-for-stm32.11.3.rel1.linux64_1.1.1.202309131626/tools/bin/../lib/gcc/arm-none-eabi/11.3.1/../../../../arm-none-eabi/lib/thumb/v7e-m+fp/hard/libnosys.a
END GROUP
START GROUP
LOAD /opt/st/stm32cubeide_1.13.2/plugins/com.st.stm32cube.ide.mcu.externaltools.gnu-tools-for-stm32.11.3.rel1.linux64_1.1.1.202309131626/tools/bin/../lib/gcc/arm-none-eabi/11.3.1/thumb/v7e-m+fp/hard/libgcc.a
LOAD /opt/st/stm32cubeide_1.13.2/plugins/com.st.stm32cube.ide.mcu.externaltools.gnu-tools-for-stm32.11.3.rel1.linux64_1.1.1.202309131626/tools/bin/../lib/gcc/arm-none-eabi/11.3.1/../../../../arm-none-eabi/lib/thumb/v7e-m+fp/hard/libc_nano.a
LOAD /opt/st/stm32cubeide_1.13.2/plugins/com.st.stm32cube.ide.mcu.externaltools.gnu-tools-for-stm32.11.3.rel1.linux64_1.1.1.202309131626/tools/bin/../lib/gcc/arm-none-eabi/11.3.1/../../../../arm-none-eabi/lib/thumb/v7e-m+fp/hard/libnosys.a
END GROUP
LOAD /opt/st/stm32cubeide_1.13.2/plugins/com.st.stm32cube.ide.mcu.externaltools.gnu-tools-for-stm32.11.3.rel1.linux64_1.1.1.202309131626/tools/bin/../lib/gcc/arm-none-eabi/11.3.1/thumb/v7e-m+fp/hard/crtend.o
LOAD /opt/st/stm32cubeide_1.13.2/plugins/com.st.stm32cube.ide.mcu.externaltools.gnu-tools-for-stm32.11.3.rel1.linux64_1.1.1.202309131626/tools/bin/../lib/gcc/arm-none-eabi/11.3.1/thumb/v7e-m+fp/hard/crtn.o
                0x0000000020020000                _estack = (ORIGIN (RAM) + LENGTH (RAM))
                0x0000000000000200                _Min_Heap_Size = 0x200
                0x0000000000000400                _Min_Stack_Size = 0x400

.isr_vector     0x0000000008000000      0x1c4
                0x0000000008000000                . = ALIGN (0x4)
 *(.isr_vector)
 .isr_vector    0x0000000008000000      0x1c4 ./Core/Startup/startup_stm32f446retx.o
                0x0000000008000000                g_pfnVectors
                0x00000000080001c4                . = ALIGN (0x4)

.text           0x00000000080001c4     0x2424
                0x00000000080001c4                . = ALIGN (0x4)
 *(.text)
 .text          0x00000000080001c4       0x40 /opt/st/stm32cubeide_1.13.2/plugins/com.st.stm32cube.ide.mcu.externaltools.gnu-tools-for-stm32.11.3.rel1.linux64_1.1.1.202309131626/tools/bin/../lib/gcc/arm-none-eabi/11.3.1/thumb/v7e-m+fp/hard/crtbegin.o
 .text          0x0000000008000204       0x30 /opt/st/stm32cubeide_1.13.2/plugins/com.st.stm32cube.ide.mcu.externaltools.gnu-tools-for-stm32.11.3.rel1.linux64_1.1.1.202309131626/tools/bin/../lib/gcc/arm-none-eabi/11.3.1/thumb/v7e-m+fp/hard/libgcc.a(_aeabi_uldivmod.o)
                0x0000000008000204                __aeabi_uldivmod
 .text          0x0000000008000234      0x2c8 /opt/st/stm32cubeide_1.13.2/plugins/com.st.stm32cube.ide.mcu.externaltools.gnu-tools-for-stm32.11.3.rel1.linux64_1.1.1.202309131626/tools/bin/../lib/gcc/arm-none-eabi/11.3.1/thumb/v7e-m+fp/hard/libgcc.a(_udivmoddi4.o)
                0x0000000008000234                __udivmoddi4
 .text          0x00000000080004fc        0x4 /opt/st/stm32cubeide_1.13.2/plugins/com.st.stm32cube.ide.mcu.externaltools.gnu-tools-for-stm32.11.3.rel1.linux64_1.1.1.202309131626/tools/bin/../lib/gcc/arm-none-eabi/11.3.1/thumb/v7e-m+fp/hard/libgcc.a(_dvmd_tls.o)
                0x00000000080004fc                __aeabi_ldiv0
                0x00000000080004fc                __aeabi_idiv0
 *(.text*)
 .text.AppInit  0x0000000008000500        0x8 ./App/app.o
                0x0000000008000500                AppInit
 .text.AppTask  0x0000000008000508        0x8 ./App/app.o
                0x0000000008000508                AppTask
 .text.CpuUserProgramStartHook
                0x0000000008000510       0x1c ./App/hooks.o
                0x0000000008000510                CpuUserProgramStartHook
 .text.MbRtuDriverOutputControlHook
                0x000000000800052c        0x2 ./App/hooks.o
                0x000000000800052c                MbRtuDriverOutputControlHook
 .text.CopInitHook
                0x000000000800052e        0xa ./App/hooks.o
                0x000000000800052e                CopInitHook
 .text.CopServiceHook
                0x0000000008000538        0x8 ./App/hooks.o
                0x0000000008000538                CopServiceHook
 .text.LedBlinkInit
                0x0000000008000540        0xc ./App/led.o
                0x0000000008000540                LedBlinkInit
 .text.LedBlinkTask
                0x000000000800054c       0x50 ./App/led.o
                0x000000000800054c                LedBlinkTask
 .text.LedBlinkExit
                0x000000000800059c       0x10 ./App/led.o
                0x000000000800059c                LedBlinkExit
 .text.MX_GPIO_Init
                0x00000000080005ac       0x94 ./Core/Src/main.o
 .text.MX_USART2_UART_Init
                0x0000000008000640       0xac ./Core/Src/main.o
 .text.MX_USART1_UART_Init
                0x00000000080006ec       0xb0 ./Core/Src/main.o
 .text.Error_Handler
                0x000000000800079c        0x4 ./Core/Src/main.o
                0x000000000800079c                Error_Handler
 .text.SystemClock_Config
                0x00000000080007a0       0xf0 ./Core/Src/main.o
                0x00000000080007a0                SystemClock_Config
 .text.main     0x0000000008000890       0x20 ./Core/Src/main.o
                0x0000000008000890                main
 .text.HAL_MspInit
                0x00000000080008b0       0x40 ./Core/Src/stm32f4xx_hal_msp.o
                0x00000000080008b0                HAL_MspInit
 .text.HAL_MspDeInit
                0x00000000080008f0       0x60 ./Core/Src/stm32f4xx_hal_msp.o
                0x00000000080008f0                HAL_MspDeInit
 .text.NMI_Handler
                0x0000000008000950        0x2 ./Core/Src/stm32f4xx_it.o
                0x0000000008000950                NMI_Handler
 .text.HardFault_Handler
                0x0000000008000952        0x2 ./Core/Src/stm32f4xx_it.o
                0x0000000008000952                HardFault_Handler
 .text.MemManage_Handler
                0x0000000008000954        0x2 ./Core/Src/stm32f4xx_it.o
                0x0000000008000954                MemManage_Handler
 .text.BusFault_Handler
                0x0000000008000956        0x2 ./Core/Src/stm32f4xx_it.o
                0x0000000008000956                BusFault_Handler
 .text.UsageFault_Handler
                0x0000000008000958        0x2 ./Core/Src/stm32f4xx_it.o
                0x0000000008000958                UsageFault_Handler
 .text.SVC_Handler
                0x000000000800095a        0x2 ./Core/Src/stm32f4xx_it.o
                0x000000000800095a                SVC_Handler
 .text.DebugMon_Handler
                0x000000000800095c        0x2 ./Core/Src/stm32f4xx_it.o
                0x000000000800095c                DebugMon_Handler
 .text.PendSV_Handler
                0x000000000800095e        0x2 ./Core/Src/stm32f4xx_it.o
                0x000000000800095e                PendSV_Handler
 .text.SysTick_Handler
                0x0000000008000960        0x8 ./Core/Src/stm32f4xx_it.o
                0x0000000008000960                SysTick_Handler
 .text.SystemInit
                0x0000000008000968       0x14 ./Core/Src/system_stm32f4xx.o
                0x0000000008000968                SystemInit
 .text.Reset_Handler
                0x000000000800097c       0x50 ./Core/Startup/startup_stm32f446retx.o
                0x000000000800097c                Reset_Handler
 .text.Default_Handler
                0x00000000080009cc        0x2 ./Core/Startup/startup_stm32f446retx.o
                0x00000000080009cc                RTC_Alarm_IRQHandler
                0x00000000080009cc                EXTI2_IRQHandler
                0x00000000080009cc                TIM8_CC_IRQHandler
                0x00000000080009cc                FMPI2C1_EV_IRQHandler
                0x00000000080009cc                SPI4_IRQHandler
                0x00000000080009cc                TIM1_CC_IRQHandler
                0x00000000080009cc                DMA2_Stream5_IRQHandler
                0x00000000080009cc                DMA1_Stream5_IRQHandler
                0x00000000080009cc                PVD_IRQHandler
                0x00000000080009cc                SDIO_IRQHandler
                0x00000000080009cc                TAMP_STAMP_IRQHandler
                0x00000000080009cc                CAN2_RX1_IRQHandler
                0x00000000080009cc                EXTI3_IRQHandler
                0x00000000080009cc                TIM8_TRG_COM_TIM14_IRQHandler
                0x00000000080009cc                TIM1_UP_TIM10_IRQHandler
                0x00000000080009cc                TIM8_UP_TIM13_IRQHandler
                0x00000000080009cc                I2C3_ER_IRQHandler
                0x00000000080009cc                EXTI0_IRQHandler
                0x00000000080009cc                I2C2_EV_IRQHandler
                0x00000000080009cc                DMA1_Stream2_IRQHandler
                0x00000000080009cc                CAN1_RX0_IRQHandler
                0x00000000080009cc                FPU_IRQHandler
                0x00000000080009cc                OTG_HS_WKUP_IRQHandler
                0x00000000080009cc                CAN2_SCE_IRQHandler
                0x00000000080009cc                DMA2_Stream2_IRQHandler
                0x00000000080009cc                SPI1_IRQHandler
                0x00000000080009cc                TIM6_DAC_IRQHandler
                0x00000000080009cc                TIM1_BRK_TIM9_IRQHandler
                0x00000000080009cc                DCMI_IRQHandler
                0x00000000080009cc                CAN2_RX0_IRQHandler
                0x00000000080009cc                DMA2_Stream3_IRQHandler
                0x00000000080009cc                SAI2_IRQHandler
                0x00000000080009cc                USART6_IRQHandler
                0x00000000080009cc                USART3_IRQHandler
                0x00000000080009cc                CAN1_RX1_IRQHandler
                0x00000000080009cc                UART5_IRQHandler
                0x00000000080009cc                DMA2_Stream0_IRQHandler
                0x00000000080009cc                TIM4_IRQHandler
                0x00000000080009cc                QUADSPI_IRQHandler
                0x00000000080009cc                I2C1_EV_IRQHandler
                0x00000000080009cc                DMA1_Stream6_IRQHandler
                0x00000000080009cc                DMA1_Stream1_IRQHandler
                0x00000000080009cc                UART4_IRQHandler
                0x00000000080009cc                TIM3_IRQHandler
                0x00000000080009cc                RCC_IRQHandler
                0x00000000080009cc                TIM8_BRK_TIM12_IRQHandler
                0x00000000080009cc                Default_Handler
                0x00000000080009cc                CEC_IRQHandler
                0x00000000080009cc                EXTI15_10_IRQHandler
                0x00000000080009cc                ADC_IRQHandler
                0x00000000080009cc                DMA1_Stream7_IRQHandler
                0x00000000080009cc                TIM7_IRQHandler
                0x00000000080009cc                CAN2_TX_IRQHandler
                0x00000000080009cc                TIM5_IRQHandler
                0x00000000080009cc                DMA2_Stream7_IRQHandler
                0x00000000080009cc                I2C3_EV_IRQHandler
                0x00000000080009cc                EXTI9_5_IRQHandler
                0x00000000080009cc                RTC_WKUP_IRQHandler
                0x00000000080009cc                SPDIF_RX_IRQHandler
                0x00000000080009cc                SPI2_IRQHandler
                0x00000000080009cc                OTG_HS_EP1_IN_IRQHandler
                0x00000000080009cc                DMA1_Stream0_IRQHandler
                0x00000000080009cc                CAN1_TX_IRQHandler
                0x00000000080009cc                FMPI2C1_ER_IRQHandler
                0x00000000080009cc                EXTI4_IRQHandler
                0x00000000080009cc                OTG_HS_EP1_OUT_IRQHandler
                0x00000000080009cc                WWDG_IRQHandler
                0x00000000080009cc                TIM2_IRQHandler
                0x00000000080009cc                OTG_FS_WKUP_IRQHandler
                0x00000000080009cc                TIM1_TRG_COM_TIM11_IRQHandler
                0x00000000080009cc                OTG_HS_IRQHandler
                0x00000000080009cc                EXTI1_IRQHandler
                0x00000000080009cc                USART2_IRQHandler
                0x00000000080009cc                I2C2_ER_IRQHandler
                0x00000000080009cc                DMA2_Stream1_IRQHandler
                0x00000000080009cc                CAN1_SCE_IRQHandler
                0x00000000080009cc                FLASH_IRQHandler
                0x00000000080009cc                DMA2_Stream4_IRQHandler
                0x00000000080009cc                USART1_IRQHandler
                0x00000000080009cc                OTG_FS_IRQHandler
                0x00000000080009cc                SPI3_IRQHandler
                0x00000000080009cc                DMA1_Stream4_IRQHandler
                0x00000000080009cc                I2C1_ER_IRQHandler
                0x00000000080009cc                FMC_IRQHandler
                0x00000000080009cc                DMA2_Stream6_IRQHandler
                0x00000000080009cc                SAI1_IRQHandler
                0x00000000080009cc                DMA1_Stream3_IRQHandler
 *fill*         0x00000000080009ce        0x2 
 .text.HAL_DeInit
                0x00000000080009d0       0x2c ./Drivers/STM32F4xx_HAL_Driver/Src/stm32f4xx_hal.o
                0x00000000080009d0                HAL_DeInit
 .text.HAL_InitTick
                0x00000000080009fc       0x4c ./Drivers/STM32F4xx_HAL_Driver/Src/stm32f4xx_hal.o
                0x00000000080009fc                HAL_InitTick
 .text.HAL_Init
                0x0000000008000a48       0x34 ./Drivers/STM32F4xx_HAL_Driver/Src/stm32f4xx_hal.o
                0x0000000008000a48                HAL_Init
 .text.HAL_IncTick
                0x0000000008000a7c       0x18 ./Drivers/STM32F4xx_HAL_Driver/Src/stm32f4xx_hal.o
                0x0000000008000a7c                HAL_IncTick
 .text.HAL_NVIC_SetPriorityGrouping
                0x0000000008000a94       0x24 ./Drivers/STM32F4xx_HAL_Driver/Src/stm32f4xx_hal_cortex.o
                0x0000000008000a94                HAL_NVIC_SetPriorityGrouping
 .text.HAL_NVIC_SetPriority
                0x0000000008000ab8       0x70 ./Drivers/STM32F4xx_HAL_Driver/Src/stm32f4xx_hal_cortex.o
                0x0000000008000ab8                HAL_NVIC_SetPriority
 .text.HAL_SYSTICK_Config
                0x0000000008000b28       0x28 ./Drivers/STM32F4xx_HAL_Driver/Src/stm32f4xx_hal_cortex.o
                0x0000000008000b28                HAL_SYSTICK_Config
 .text.FLASH_Program_DoubleWord
                0x0000000008000b50       0x30 ./Drivers/STM32F4xx_HAL_Driver/Src/stm32f4xx_hal_flash.o
 .text.FLASH_Program_Word
                0x0000000008000b80       0x24 ./Drivers/STM32F4xx_HAL_Driver/Src/stm32f4xx_hal_flash.o
 .text.FLASH_Program_HalfWord
                0x0000000008000ba4       0x24 ./Drivers/STM32F4xx_HAL_Driver/Src/stm32f4xx_hal_flash.o
 .text.FLASH_Program_Byte
                0x0000000008000bc8       0x20 ./Drivers/STM32F4xx_HAL_Driver/Src/stm32f4xx_hal_flash.o
 .text.FLASH_SetErrorCode
                0x0000000008000be8       0xa8 ./Drivers/STM32F4xx_HAL_Driver/Src/stm32f4xx_hal_flash.o
 .text.HAL_FLASH_Unlock
                0x0000000008000c90       0x30 ./Drivers/STM32F4xx_HAL_Driver/Src/stm32f4xx_hal_flash.o
                0x0000000008000c90                HAL_FLASH_Unlock
 .text.HAL_FLASH_Lock
                0x0000000008000cc0       0x14 ./Drivers/STM32F4xx_HAL_Driver/Src/stm32f4xx_hal_flash.o
                0x0000000008000cc0                HAL_FLASH_Lock
 .text.FLASH_WaitForLastOperation
                0x0000000008000cd4       0x60 ./Drivers/STM32F4xx_HAL_Driver/Src/stm32f4xx_hal_flash.o
                0x0000000008000cd4                FLASH_WaitForLastOperation
 .text.HAL_FLASH_Program
                0x0000000008000d34       0x7c ./Drivers/STM32F4xx_HAL_Driver/Src/stm32f4xx_hal_flash.o
                0x0000000008000d34                HAL_FLASH_Program
 .text.FLASH_MassErase
                0x0000000008000db0       0x24 ./Drivers/STM32F4xx_HAL_Driver/Src/stm32f4xx_hal_flash_ex.o
 .text.FLASH_Erase_Sector
                0x0000000008000dd4       0x4c ./Drivers/STM32F4xx_HAL_Driver/Src/stm32f4xx_hal_flash_ex.o
                0x0000000008000dd4                FLASH_Erase_Sector
 .text.FLASH_FlushCaches
                0x0000000008000e20       0x60 ./Drivers/STM32F4xx_HAL_Driver/Src/stm32f4xx_hal_flash_ex.o
                0x0000000008000e20                FLASH_FlushCaches
 .text.HAL_FLASHEx_Erase
                0x0000000008000e80       0x94 ./Drivers/STM32F4xx_HAL_Driver/Src/stm32f4xx_hal_flash_ex.o
                0x0000000008000e80                HAL_FLASHEx_Erase
 .text.HAL_GPIO_Init
                0x0000000008000f14      0x1e0 ./Drivers/STM32F4xx_HAL_Driver/Src/stm32f4xx_hal_gpio.o
                0x0000000008000f14                HAL_GPIO_Init
 .text.HAL_GPIO_WritePin
                0x00000000080010f4        0xc ./Drivers/STM32F4xx_HAL_Driver/Src/stm32f4xx_hal_gpio.o
                0x00000000080010f4                HAL_GPIO_WritePin
 .text.LL_GPIO_DeInit
                0x0000000008001100      0x114 ./Drivers/STM32F4xx_HAL_Driver/Src/stm32f4xx_ll_gpio.o
                0x0000000008001100                LL_GPIO_DeInit
 .text.LL_GPIO_Init
                0x0000000008001214      0x148 ./Drivers/STM32F4xx_HAL_Driver/Src/stm32f4xx_ll_gpio.o
                0x0000000008001214                LL_GPIO_Init
 .text.LL_RCC_DeInit
                0x000000000800135c       0xb8 ./Drivers/STM32F4xx_HAL_Driver/Src/stm32f4xx_ll_rcc.o
                0x000000000800135c                LL_RCC_DeInit
 .text.RCC_GetHCLKClockFreq
                0x0000000008001414       0x18 ./Drivers/STM32F4xx_HAL_Driver/Src/stm32f4xx_ll_rcc.o
                0x0000000008001414                RCC_GetHCLKClockFreq
 .text.RCC_GetPCLK1ClockFreq
                0x000000000800142c       0x18 ./Drivers/STM32F4xx_HAL_Driver/Src/stm32f4xx_ll_rcc.o
                0x000000000800142c                RCC_GetPCLK1ClockFreq
 .text.RCC_GetPCLK2ClockFreq
                0x0000000008001444       0x18 ./Drivers/STM32F4xx_HAL_Driver/Src/stm32f4xx_ll_rcc.o
                0x0000000008001444                RCC_GetPCLK2ClockFreq
 .text.RCC_PLL_GetFreqDomain_SYS
                0x000000000800145c       0x68 ./Drivers/STM32F4xx_HAL_Driver/Src/stm32f4xx_ll_rcc.o
                0x000000000800145c                RCC_PLL_GetFreqDomain_SYS
 .text.RCC_GetSystemClockFreq
                0x00000000080014c4       0x3c ./Drivers/STM32F4xx_HAL_Driver/Src/stm32f4xx_ll_rcc.o
                0x00000000080014c4                RCC_GetSystemClockFreq
 .text.LL_RCC_GetSystemClocksFreq
                0x0000000008001500       0x20 ./Drivers/STM32F4xx_HAL_Driver/Src/stm32f4xx_ll_rcc.o
                0x0000000008001500                LL_RCC_GetSystemClocksFreq
 .text.LL_USART_Init
                0x0000000008001520      0x178 ./Drivers/STM32F4xx_HAL_Driver/Src/stm32f4xx_ll_usart.o
                0x0000000008001520                LL_USART_Init
 .text.LL_SetSystemCoreClock
                0x0000000008001698        0xc ./Drivers/STM32F4xx_HAL_Driver/Src/stm32f4xx_ll_utils.o
                0x0000000008001698                LL_SetSystemCoreClock
 .text.CpuIrqDisable
                0x00000000080016a4        0x4 ./Loader/ARMCM4_STM32F4/GCC/cpu_comp.o
                0x00000000080016a4                CpuIrqDisable
 .text.CpuIrqEnable
                0x00000000080016a8        0x4 ./Loader/ARMCM4_STM32F4/GCC/cpu_comp.o
                0x00000000080016a8                CpuIrqEnable
 .text.CpuInit  0x00000000080016ac        0x8 ./Loader/ARMCM4_STM32F4/cpu.o
                0x00000000080016ac                CpuInit
 .text.CpuStartUserProgram
                0x00000000080016b4       0x40 ./Loader/ARMCM4_STM32F4/cpu.o
                0x00000000080016b4                CpuStartUserProgram
 .text.CpuMemCopy
                0x00000000080016f4       0x20 ./Loader/ARMCM4_STM32F4/cpu.o
                0x00000000080016f4                CpuMemCopy
 .text.FlashGetSector
                0x0000000008001714       0x44 ./Loader/ARMCM4_STM32F4/flash.o
 .text.FlashInitBlock
                0x0000000008001758       0x26 ./Loader/ARMCM4_STM32F4/flash.o
 .text.FlashWriteBlock
                0x000000000800177e       0x50 ./Loader/ARMCM4_STM32F4/flash.o
 *fill*         0x00000000080017ce        0x2 
 .text.FlashSwitchBlock
                0x00000000080017d0       0x44 ./Loader/ARMCM4_STM32F4/flash.o
 .text.FlashAddToBlock
                0x0000000008001814       0x80 ./Loader/ARMCM4_STM32F4/flash.o
 .text.FlashEmptyCheckSector
                0x0000000008001894       0x7c ./Loader/ARMCM4_STM32F4/flash.o
 .text.FlashEraseSectors
                0x0000000008001910       0x6e ./Loader/ARMCM4_STM32F4/flash.o
 *fill*         0x000000000800197e        0x2 
 .text.FlashInit
                0x0000000008001980       0x18 ./Loader/ARMCM4_STM32F4/flash.o
                0x0000000008001980                FlashInit
 .text.FlashWrite
                0x0000000008001998       0x68 ./Loader/ARMCM4_STM32F4/flash.o
                0x0000000008001998                FlashWrite
 .text.FlashErase
                0x0000000008001a00       0x40 ./Loader/ARMCM4_STM32F4/flash.o
                0x0000000008001a00                FlashErase
 .text.FlashWriteChecksum
                0x0000000008001a40       0x60 ./Loader/ARMCM4_STM32F4/flash.o
                0x0000000008001a40                FlashWriteChecksum
 .text.FlashVerifyChecksum
                0x0000000008001aa0       0x30 ./Loader/ARMCM4_STM32F4/flash.o
                0x0000000008001aa0                FlashVerifyChecksum
 .text.FlashDone
                0x0000000008001ad0       0x3c ./Loader/ARMCM4_STM32F4/flash.o
                0x0000000008001ad0                FlashDone
 .text.FlashGetUserProgBaseAddress
                0x0000000008001b0c        0x8 ./Loader/ARMCM4_STM32F4/flash.o
                0x0000000008001b0c                FlashGetUserProgBaseAddress
 .text.MbRtuReceiveByte
                0x0000000008001b14       0x38 ./Loader/ARMCM4_STM32F4/mbrtu.o
 .text.MbRtuTransmitByte
                0x0000000008001b4c       0x48 ./Loader/ARMCM4_STM32F4/mbrtu.o
 .text.MbRtuTransmitPacket
                0x0000000008001b94       0x9c ./Loader/ARMCM4_STM32F4/mbrtu.o
                0x0000000008001b94                MbRtuTransmitPacket
 .text.MbRtuFreeRunningCounterGet
                0x0000000008001c30        0xc ./Loader/ARMCM4_STM32F4/mbrtu.o
                0x0000000008001c30                MbRtuFreeRunningCounterGet
 .text.MbRtuInit
                0x0000000008001c3c       0x90 ./Loader/ARMCM4_STM32F4/mbrtu.o
                0x0000000008001c3c                MbRtuInit
 .text.MbRtuReceivePacket
                0x0000000008001ccc       0xfc ./Loader/ARMCM4_STM32F4/mbrtu.o
                0x0000000008001ccc                MbRtuReceivePacket
 .text.NvmInit  0x0000000008001dc8        0x8 ./Loader/ARMCM4_STM32F4/nvm.o
                0x0000000008001dc8                NvmInit
 .text.NvmWrite
                0x0000000008001dd0        0x8 ./Loader/ARMCM4_STM32F4/nvm.o
                0x0000000008001dd0                NvmWrite
 .text.NvmErase
                0x0000000008001dd8        0x8 ./Loader/ARMCM4_STM32F4/nvm.o
                0x0000000008001dd8                NvmErase
 .text.NvmVerifyChecksum
                0x0000000008001de0        0x8 ./Loader/ARMCM4_STM32F4/nvm.o
                0x0000000008001de0                NvmVerifyChecksum
 .text.NvmGetUserProgBaseAddress
                0x0000000008001de8        0x8 ./Loader/ARMCM4_STM32F4/nvm.o
                0x0000000008001de8                NvmGetUserProgBaseAddress
 .text.NvmDone  0x0000000008001df0       0x10 ./Loader/ARMCM4_STM32F4/nvm.o
                0x0000000008001df0                NvmDone
 .text.TimerInit
                0x0000000008001e00       0x88 ./Loader/ARMCM4_STM32F4/timer.o
                0x0000000008001e00                TimerInit
 .text.TimerReset
                0x0000000008001e88       0x2c ./Loader/ARMCM4_STM32F4/timer.o
                0x0000000008001e88                TimerReset
 .text.TimerUpdate
                0x0000000008001eb4       0x50 ./Loader/ARMCM4_STM32F4/timer.o
                0x0000000008001eb4                TimerUpdate
 .text.TimerGet
                0x0000000008001f04       0x10 ./Loader/ARMCM4_STM32F4/timer.o
                0x0000000008001f04                TimerGet
 .text.HAL_GetTick
                0x0000000008001f14        0x8 ./Loader/ARMCM4_STM32F4/timer.o
                0x0000000008001f14                HAL_GetTick
 .text.AssertFailure
                0x0000000008001f1c        0x8 ./Loader/asserts.o
                0x0000000008001f1c                AssertFailure
 .text.BackDoorCheck
                0x0000000008001f24       0x44 ./Loader/backdoor.o
                0x0000000008001f24                BackDoorCheck
 .text.BackDoorRestartTimer
                0x0000000008001f68       0x20 ./Loader/backdoor.o
                0x0000000008001f68                BackDoorRestartTimer
 .text.BackDoorInit
                0x0000000008001f88       0x18 ./Loader/backdoor.o
                0x0000000008001f88                BackDoorInit
 .text.BootInit
                0x0000000008001fa0       0x1c ./Loader/boot.o
                0x0000000008001fa0                BootInit
 .text.BootTask
                0x0000000008001fbc       0x14 ./Loader/boot.o
                0x0000000008001fbc                BootTask
 .text.ComInit  0x0000000008001fd0       0x18 ./Loader/com.o
                0x0000000008001fd0                ComInit
 .text.ComTask  0x0000000008001fe8       0x34 ./Loader/com.o
                0x0000000008001fe8                ComTask
 .text.ComFree  0x000000000800201c        0x2 ./Loader/com.o
                0x000000000800201c                ComFree
 *fill*         0x000000000800201e        0x2 
 .text.ComTransmitPacket
                0x0000000008002020       0x1c ./Loader/com.o
                0x0000000008002020                ComTransmitPacket
 .text.ComGetActiveInterfaceMaxRxLen
                0x000000000800203c       0x2c ./Loader/com.o
                0x000000000800203c                ComGetActiveInterfaceMaxRxLen
 .text.ComGetActiveInterfaceMaxTxLen
                0x0000000008002068       0x2c ./Loader/com.o
                0x0000000008002068                ComGetActiveInterfaceMaxTxLen
 .text.ComIsConnected
                0x0000000008002094        0xc ./Loader/com.o
                0x0000000008002094                ComIsConnected
 .text.CopInit  0x00000000080020a0        0x8 ./Loader/cop.o
                0x00000000080020a0                CopInit
 .text.CopService
                0x00000000080020a8        0x8 ./Loader/cop.o
                0x00000000080020a8                CopService
 .text.MbRtuCrcCalculate
                0x00000000080020b0       0x3c ./Loader/mb.o
                0x00000000080020b0                MbRtuCrcCalculate
 .text.MbRtuDelay
                0x00000000080020ec       0x1c ./Loader/mb.o
                0x00000000080020ec                MbRtuDelay
 .text.XcpProtectResources
                0x0000000008002108       0x10 ./Loader/xcp.o
 .text.XcpSetCtoError
                0x0000000008002118       0x14 ./Loader/xcp.o
 .text.XcpGetOrderedLong
                0x000000000800212c       0x16 ./Loader/xcp.o
 .text.XcpSetOrderedLong
                0x0000000008002142       0x14 ./Loader/xcp.o
 *fill*         0x0000000008002156        0x2 
 .text.XcpCmdDisconnect
                0x0000000008002158       0x20 ./Loader/xcp.o
 .text.XcpCmdGetStatus
                0x0000000008002178       0x24 ./Loader/xcp.o
 .text.XcpCmdSynch
                0x000000000800219c        0xa ./Loader/xcp.o
 *fill*         0x00000000080021a6        0x2 
 .text.XcpCmdGetId
                0x00000000080021a8       0x30 ./Loader/xcp.o
 .text.XcpCmdSetMta
                0x00000000080021d8       0x20 ./Loader/xcp.o
 .text.XcpCmdProgramPrepare
                0x00000000080021f8        0xa ./Loader/xcp.o
 *fill*         0x0000000008002202        0x2 
 .text.XcpCmdProgramStart
                0x0000000008002204       0x28 ./Loader/xcp.o
 .text.XcpCmdConnect
                0x000000000800222c       0x48 ./Loader/xcp.o
 .text.XcpCmdUpload
                0x0000000008002274       0x40 ./Loader/xcp.o
 .text.XcpCmdShortUpload
                0x00000000080022b4       0x4c ./Loader/xcp.o
 .text.XcpComputeChecksum
                0x0000000008002300       0x24 ./Loader/xcp.o
 .text.XcpCmdBuildCheckSum
                0x0000000008002324       0x3c ./Loader/xcp.o
 .text.XcpCmdProgramMax
                0x0000000008002360       0x44 ./Loader/xcp.o
 .text.XcpCmdProgram
                0x00000000080023a4       0x64 ./Loader/xcp.o
 .text.XcpCmdProgramClear
                0x0000000008002408       0x34 ./Loader/xcp.o
 .text.XcpCmdProgramReset
                0x000000000800243c       0x18 ./Loader/xcp.o
 .text.XcpTransmitPacket
                0x0000000008002454        0xa ./Loader/xcp.o
 *fill*         0x000000000800245e        0x2 
 .text.XcpInit  0x0000000008002460       0x24 ./Loader/xcp.o
                0x0000000008002460                XcpInit
 .text.XcpIsConnected
                0x0000000008002484       0x10 ./Loader/xcp.o
                0x0000000008002484                XcpIsConnected
 .text.XcpPacketTransmitted
                0x0000000008002494       0x10 ./Loader/xcp.o
                0x0000000008002494                XcpPacketTransmitted
 .text.XcpPacketReceived
                0x00000000080024a4       0xe4 ./Loader/xcp.o
                0x00000000080024a4                XcpPacketReceived
 .text.__libc_init_array
                0x0000000008002588       0x48 /opt/st/stm32cubeide_1.13.2/plugins/com.st.stm32cube.ide.mcu.externaltools.gnu-tools-for-stm32.11.3.rel1.linux64_1.1.1.202309131626/tools/bin/../lib/gcc/arm-none-eabi/11.3.1/../../../../arm-none-eabi/lib/thumb/v7e-m+fp/hard/libc_nano.a(libc_a-init.o)
                0x0000000008002588                __libc_init_array
 *(.glue_7)
 .glue_7        0x00000000080025d0        0x0 linker stubs
 *(.glue_7t)
 .glue_7t       0x00000000080025d0        0x0 linker stubs
 *(.eh_frame)
 .eh_frame      0x00000000080025d0        0x0 /opt/st/stm32cubeide_1.13.2/plugins/com.st.stm32cube.ide.mcu.externaltools.gnu-tools-for-stm32.11.3.rel1.linux64_1.1.1.202309131626/tools/bin/../lib/gcc/arm-none-eabi/11.3.1/thumb/v7e-m+fp/hard/crtbegin.o
 *(.init)
 .init          0x00000000080025d0        0x4 /opt/st/stm32cubeide_1.13.2/plugins/com.st.stm32cube.ide.mcu.externaltools.gnu-tools-for-stm32.11.3.rel1.linux64_1.1.1.202309131626/tools/bin/../lib/gcc/arm-none-eabi/11.3.1/thumb/v7e-m+fp/hard/crti.o
                0x00000000080025d0                _init
 .init          0x00000000080025d4        0x8 /opt/st/stm32cubeide_1.13.2/plugins/com.st.stm32cube.ide.mcu.externaltools.gnu-tools-for-stm32.11.3.rel1.linux64_1.1.1.202309131626/tools/bin/../lib/gcc/arm-none-eabi/11.3.1/thumb/v7e-m+fp/hard/crtn.o
 *(.fini)
 .fini          0x00000000080025dc        0x4 /opt/st/stm32cubeide_1.13.2/plugins/com.st.stm32cube.ide.mcu.externaltools.gnu-tools-for-stm32.11.3.rel1.linux64_1.1.1.202309131626/tools/bin/../lib/gcc/arm-none-eabi/11.3.1/thumb/v7e-m+fp/hard/crti.o
                0x00000000080025dc                _fini
 .fini          0x00000000080025e0        0x8 /opt/st/stm32cubeide_1.13.2/plugins/com.st.stm32cube.ide.mcu.externaltools.gnu-tools-for-stm32.11.3.rel1.linux64_1.1.1.202309131626/tools/bin/../lib/gcc/arm-none-eabi/11.3.1/thumb/v7e-m+fp/hard/crtn.o
                0x00000000080025e8                . = ALIGN (0x4)
                0x00000000080025e8                _etext = .

.vfp11_veneer   0x00000000080025e8        0x0
 .vfp11_veneer  0x00000000080025e8        0x0 linker stubs

.v4_bx          0x00000000080025e8        0x0
 .v4_bx         0x00000000080025e8        0x0 linker stubs

.iplt           0x00000000080025e8        0x0
 .iplt          0x00000000080025e8        0x0 /opt/st/stm32cubeide_1.13.2/plugins/com.st.stm32cube.ide.mcu.externaltools.gnu-tools-for-stm32.11.3.rel1.linux64_1.1.1.202309131626/tools/bin/../lib/gcc/arm-none-eabi/11.3.1/thumb/v7e-m+fp/hard/crtbegin.o

.rodata         0x00000000080025e8      0x2ec
                0x00000000080025e8                . = ALIGN (0x4)
 *(.rodata)
 *(.rodata*)
 .rodata.AHBPrescTable
                0x00000000080025e8       0x10 ./Core/Src/system_stm32f4xx.o
                0x00000000080025e8                AHBPrescTable
 .rodata.APBPrescTable
                0x00000000080025f8        0x8 ./Core/Src/system_stm32f4xx.o
                0x00000000080025f8                APBPrescTable
 .rodata.FlashEmptyCheckSector.str1.4
                0x0000000008002600       0x3b ./Loader/ARMCM4_STM32F4/flash.o
 *fill*         0x000000000800263b        0x1 
 .rodata.flashLayout
                0x000000000800263c       0x54 ./Loader/ARMCM4_STM32F4/flash.o
 .rodata.MbRtuTransmitPacket.str1.4
                0x0000000008002690       0x3b ./Loader/ARMCM4_STM32F4/mbrtu.o
 *fill*         0x00000000080026cb        0x1 
 .rodata.CRCHi  0x00000000080026cc      0x100 ./Loader/mb.o
 .rodata.CRCLo  0x00000000080027cc      0x100 ./Loader/mb.o
 .rodata.xcpStationId
                0x00000000080028cc        0x8 ./Loader/xcp.o
                0x00000000080028d4                . = ALIGN (0x4)

.ARM.extab      0x00000000080028d4        0x0
                0x00000000080028d4                . = ALIGN (0x4)
 *(.ARM.extab* .gnu.linkonce.armextab.*)
                0x00000000080028d4                . = ALIGN (0x4)

.ARM            0x00000000080028d4        0x8
                0x00000000080028d4                . = ALIGN (0x4)
                0x00000000080028d4                __exidx_start = .
 *(.ARM.exidx*)
 .ARM.exidx     0x00000000080028d4        0x8 /opt/st/stm32cubeide_1.13.2/plugins/com.st.stm32cube.ide.mcu.externaltools.gnu-tools-for-stm32.11.3.rel1.linux64_1.1.1.202309131626/tools/bin/../lib/gcc/arm-none-eabi/11.3.1/thumb/v7e-m+fp/hard/libgcc.a(_udivmoddi4.o)
                0x00000000080028dc                __exidx_end = .
                0x00000000080028dc                . = ALIGN (0x4)

.rel.dyn        0x00000000080028dc        0x0
 .rel.iplt      0x00000000080028dc        0x0 /opt/st/stm32cubeide_1.13.2/plugins/com.st.stm32cube.ide.mcu.externaltools.gnu-tools-for-stm32.11.3.rel1.linux64_1.1.1.202309131626/tools/bin/../lib/gcc/arm-none-eabi/11.3.1/thumb/v7e-m+fp/hard/crtbegin.o

.preinit_array  0x00000000080028dc        0x0
                0x00000000080028dc                . = ALIGN (0x4)
                0x00000000080028dc                PROVIDE (__preinit_array_start = .)
 *(.preinit_array*)
                0x00000000080028dc                PROVIDE (__preinit_array_end = .)
                0x00000000080028dc                . = ALIGN (0x4)

.init_array     0x00000000080028dc        0x4
                0x00000000080028dc                . = ALIGN (0x4)
                0x00000000080028dc                PROVIDE (__init_array_start = .)
 *(SORT_BY_NAME(.init_array.*))
 *(.init_array*)
 .init_array    0x00000000080028dc        0x4 /opt/st/stm32cubeide_1.13.2/plugins/com.st.stm32cube.ide.mcu.externaltools.gnu-tools-for-stm32.11.3.rel1.linux64_1.1.1.202309131626/tools/bin/../lib/gcc/arm-none-eabi/11.3.1/thumb/v7e-m+fp/hard/crtbegin.o
                0x00000000080028e0                PROVIDE (__init_array_end = .)
                0x00000000080028e0                . = ALIGN (0x4)

.fini_array     0x00000000080028e0        0x4
                0x00000000080028e0                . = ALIGN (0x4)
                [!provide]                        PROVIDE (__fini_array_start = .)
 *(SORT_BY_NAME(.fini_array.*))
 *(.fini_array*)
 .fini_array    0x00000000080028e0        0x4 /opt/st/stm32cubeide_1.13.2/plugins/com.st.stm32cube.ide.mcu.externaltools.gnu-tools-for-stm32.11.3.rel1.linux64_1.1.1.202309131626/tools/bin/../lib/gcc/arm-none-eabi/11.3.1/thumb/v7e-m+fp/hard/crtbegin.o
                [!provide]                        PROVIDE (__fini_array_end = .)
                0x00000000080028e4                . = ALIGN (0x4)
                0x00000000080028e4                _sidata = LOADADDR (.data)

.data           0x0000000020000000       0x10 load address 0x00000000080028e4
                0x0000000020000000                . = ALIGN (0x4)
                0x0000000020000000                _sdata = .
 *(.data)
 *(.data*)
 .data.SystemCoreClock
                0x0000000020000000        0x4 ./Core/Src/system_stm32f4xx.o
                0x0000000020000000                SystemCoreClock
 .data.uwTickFreq
                0x0000000020000004        0x1 ./Drivers/STM32F4xx_HAL_Driver/Src/stm32f4xx_hal.o
                0x0000000020000004                uwTickFreq
 *fill*         0x0000000020000005        0x3 
 .data.uwTickPrio
                0x0000000020000008        0x4 ./Drivers/STM32F4xx_HAL_Driver/Src/stm32f4xx_hal.o
                0x0000000020000008                uwTickPrio
 .data.comActiveInterface
                0x000000002000000c        0x1 ./Loader/com.o
 *(.RamFunc)
 *(.RamFunc*)
                0x0000000020000010                . = ALIGN (0x4)
 *fill*         0x000000002000000d        0x3 
                0x0000000020000010                _edata = .

.igot.plt       0x0000000020000010        0x0 load address 0x00000000080028f4
 .igot.plt      0x0000000020000010        0x0 /opt/st/stm32cubeide_1.13.2/plugins/com.st.stm32cube.ide.mcu.externaltools.gnu-tools-for-stm32.11.3.rel1.linux64_1.1.1.202309131626/tools/bin/../lib/gcc/arm-none-eabi/11.3.1/thumb/v7e-m+fp/hard/crtbegin.o
                0x0000000020000010                . = ALIGN (0x4)

.bss            0x0000000020000010      0x688 load address 0x00000000080028f4
                0x0000000020000010                _sbss = .
                0x0000000020000010                __bss_start__ = _sbss
 *(.bss)
 .bss           0x0000000020000010       0x1c /opt/st/stm32cubeide_1.13.2/plugins/com.st.stm32cube.ide.mcu.externaltools.gnu-tools-for-stm32.11.3.rel1.linux64_1.1.1.202309131626/tools/bin/../lib/gcc/arm-none-eabi/11.3.1/thumb/v7e-m+fp/hard/crtbegin.o
 *(.bss*)
 .bss.ledBlinkIntervalMs
                0x000000002000002c        0x2 ./App/led.o
 .bss.ledOn.0   0x000000002000002e        0x1 ./App/led.o
 *fill*         0x000000002000002f        0x1 
 .bss.nextBlinkEvent.1
                0x0000000020000030        0x4 ./App/led.o
 .bss.uwTick    0x0000000020000034        0x4 ./Drivers/STM32F4xx_HAL_Driver/Src/stm32f4xx_hal.o
                0x0000000020000034                uwTick
 .bss.pFlash    0x0000000020000038       0x20 ./Drivers/STM32F4xx_HAL_Driver/Src/stm32f4xx_hal_flash.o
                0x0000000020000038                pFlash
 .bss.blockInfo
                0x0000000020000058      0x204 ./Loader/ARMCM4_STM32F4/flash.o
 .bss.bootBlockInfo
                0x000000002000025c      0x204 ./Loader/ARMCM4_STM32F4/flash.o
 .bss.lastRxByteTimeTicks.3
                0x0000000020000460        0x2 ./Loader/ARMCM4_STM32F4/mbrtu.o
 .bss.mbRtuT3_5Ticks
                0x0000000020000462        0x2 ./Loader/ARMCM4_STM32F4/mbrtu.o
 .bss.packetRxInProgress.2
                0x0000000020000464        0x1 ./Loader/ARMCM4_STM32F4/mbrtu.o
 .bss.rxLength.1
                0x0000000020000465        0x1 ./Loader/ARMCM4_STM32F4/mbrtu.o
 *fill*         0x0000000020000466        0x2 
 .bss.rxPacket.0
                0x0000000020000468       0x86 ./Loader/ARMCM4_STM32F4/mbrtu.o
 *fill*         0x00000000200004ee        0x2 
 .bss.txPacket.4
                0x00000000200004f0       0x86 ./Loader/ARMCM4_STM32F4/mbrtu.o
 .bss.free_running_counter_last
                0x0000000020000576        0x2 ./Loader/ARMCM4_STM32F4/timer.o
 .bss.millisecond_counter
                0x0000000020000578        0x4 ./Loader/ARMCM4_STM32F4/timer.o
 .bss.backdoorExtensionTime
                0x000000002000057c        0x4 ./Loader/backdoor.o
 .bss.backdoorOpen
                0x0000000020000580        0x1 ./Loader/backdoor.o
 *fill*         0x0000000020000581        0x3 
 .bss.backdoorOpenTime
                0x0000000020000584        0x4 ./Loader/backdoor.o
 .bss.xcpCtoReqPacket.0
                0x0000000020000588       0x81 ./Loader/com.o
 *fill*         0x0000000020000609        0x3 
 .bss.xcpInfo   0x000000002000060c       0x8c ./Loader/xcp.o
 *(COMMON)
                0x0000000020000698                . = ALIGN (0x4)
                0x0000000020000698                _ebss = .
                0x0000000020000698                __bss_end__ = _ebss

._user_heap_stack
                0x0000000020000698      0x600 load address 0x00000000080028f4
                0x0000000020000698                . = ALIGN (0x8)
                [!provide]                        PROVIDE (end = .)
                0x0000000020000698                PROVIDE (_end = .)
                0x0000000020000898                . = (. + _Min_Heap_Size)
 *fill*         0x0000000020000698      0x200 
                0x0000000020000c98                . = (. + _Min_Stack_Size)
 *fill*         0x0000000020000898      0x400 
                0x0000000020000c98                . = ALIGN (0x8)

/DISCARD/
 libc.a(*)
 libm.a(*)
 libgcc.a(*)

.ARM.attributes
                0x0000000000000000       0x30
 *(.ARM.attributes)
 .ARM.attributes
                0x0000000000000000       0x1e /opt/st/stm32cubeide_1.13.2/plugins/com.st.stm32cube.ide.mcu.externaltools.gnu-tools-for-stm32.11.3.rel1.linux64_1.1.1.202309131626/tools/bin/../lib/gcc/arm-none-eabi/11.3.1/thumb/v7e-m+fp/hard/crti.o
 .ARM.attributes
                0x000000000000001e       0x34 /opt/st/stm32cubeide_1.13.2/plugins/com.st.stm32cube.ide.mcu.externaltools.gnu-tools-for-stm32.11.3.rel1.linux64_1.1.1.202309131626/tools/bin/../lib/gcc/arm-none-eabi/11.3.1/thumb/v7e-m+fp/hard/crtbegin.o
 .ARM.attributes
                0x0000000000000052       0x34 ./App/app.o
 .ARM.attributes
                0x0000000000000086       0x34 ./App/hooks.o
 .ARM.attributes
                0x00000000000000ba       0x34 ./App/led.o
 .ARM.attributes
                0x00000000000000ee       0x34 ./Core/Src/main.o
 .ARM.attributes
                0x0000000000000122       0x34 ./Core/Src/stm32f4xx_hal_msp.o
 .ARM.attributes
                0x0000000000000156       0x34 ./Core/Src/stm32f4xx_it.o
 .ARM.attributes
                0x000000000000018a       0x34 ./Core/Src/system_stm32f4xx.o
 .ARM.attributes
                0x00000000000001be       0x21 ./Core/Startup/startup_stm32f446retx.o
 .ARM.attributes
                0x00000000000001df       0x34 ./Drivers/STM32F4xx_HAL_Driver/Src/stm32f4xx_hal.o
 .ARM.attributes
                0x0000000000000213       0x34 ./Drivers/STM32F4xx_HAL_Driver/Src/stm32f4xx_hal_cortex.o
 .ARM.attributes
                0x0000000000000247       0x34 ./Drivers/STM32F4xx_HAL_Driver/Src/stm32f4xx_hal_flash.o
 .ARM.attributes
                0x000000000000027b       0x34 ./Drivers/STM32F4xx_HAL_Driver/Src/stm32f4xx_hal_flash_ex.o
 .ARM.attributes
                0x00000000000002af       0x34 ./Drivers/STM32F4xx_HAL_Driver/Src/stm32f4xx_hal_gpio.o
 .ARM.attributes
                0x00000000000002e3       0x34 ./Drivers/STM32F4xx_HAL_Driver/Src/stm32f4xx_ll_gpio.o
 .ARM.attributes
                0x0000000000000317       0x34 ./Drivers/STM32F4xx_HAL_Driver/Src/stm32f4xx_ll_rcc.o
 .ARM.attributes
                0x000000000000034b       0x34 ./Drivers/STM32F4xx_HAL_Driver/Src/stm32f4xx_ll_usart.o
 .ARM.attributes
                0x000000000000037f       0x34 ./Drivers/STM32F4xx_HAL_Driver/Src/stm32f4xx_ll_utils.o
 .ARM.attributes
                0x00000000000003b3       0x34 ./Loader/ARMCM4_STM32F4/GCC/cpu_comp.o
 .ARM.attributes
                0x00000000000003e7       0x34 ./Loader/ARMCM4_STM32F4/cpu.o
 .ARM.attributes
                0x000000000000041b       0x34 ./Loader/ARMCM4_STM32F4/flash.o
 .ARM.attributes
                0x000000000000044f       0x34 ./Loader/ARMCM4_STM32F4/mbrtu.o
 .ARM.attributes
                0x0000000000000483       0x34 ./Loader/ARMCM4_STM32F4/nvm.o
 .ARM.attributes
                0x00000000000004b7       0x34 ./Loader/ARMCM4_STM32F4/timer.o
 .ARM.attributes
                0x00000000000004eb       0x34 ./Loader/asserts.o
 .ARM.attributes
                0x000000000000051f       0x34 ./Loader/backdoor.o
 .ARM.attributes
                0x0000000000000553       0x34 ./Loader/boot.o
 .ARM.attributes
                0x0000000000000587       0x34 ./Loader/com.o
 .ARM.attributes
                0x00000000000005bb       0x34 ./Loader/cop.o
 .ARM.attributes
                0x00000000000005ef       0x34 ./Loader/mb.o
 .ARM.attributes
                0x0000000000000623       0x34 ./Loader/xcp.o
 .ARM.attributes
                0x0000000000000657       0x34 /opt/st/stm32cubeide_1.13.2/plugins/com.st.stm32cube.ide.mcu.externaltools.gnu-tools-for-stm32.11.3.rel1.linux64_1.1.1.202309131626/tools/bin/../lib/gcc/arm-none-eabi/11.3.1/../../../../arm-none-eabi/lib/thumb/v7e-m+fp/hard/libc_nano.a(libc_a-init.o)
 .ARM.attributes
                0x000000000000068b       0x1e /opt/st/stm32cubeide_1.13.2/plugins/com.st.stm32cube.ide.mcu.externaltools.gnu-tools-for-stm32.11.3.rel1.linux64_1.1.1.202309131626/tools/bin/../lib/gcc/arm-none-eabi/11.3.1/thumb/v7e-m+fp/hard/libgcc.a(_aeabi_uldivmod.o)
 .ARM.attributes
                0x00000000000006a9       0x34 /opt/st/stm32cubeide_1.13.2/plugins/com.st.stm32cube.ide.mcu.externaltools.gnu-tools-for-stm32.11.3.rel1.linux64_1.1.1.202309131626/tools/bin/../lib/gcc/arm-none-eabi/11.3.1/thumb/v7e-m+fp/hard/libgcc.a(_udivmoddi4.o)
 .ARM.attributes
                0x00000000000006dd       0x1e /opt/st/stm32cubeide_1.13.2/plugins/com.st.stm32cube.ide.mcu.externaltools.gnu-tools-for-stm32.11.3.rel1.linux64_1.1.1.202309131626/tools/bin/../lib/gcc/arm-none-eabi/11.3.1/thumb/v7e-m+fp/hard/libgcc.a(_dvmd_tls.o)
 .ARM.attributes
                0x00000000000006fb       0x1e /opt/st/stm32cubeide_1.13.2/plugins/com.st.stm32cube.ide.mcu.externaltools.gnu-tools-for-stm32.11.3.rel1.linux64_1.1.1.202309131626/tools/bin/../lib/gcc/arm-none-eabi/11.3.1/thumb/v7e-m+fp/hard/crtn.o
OUTPUT(openblt_stm32f446.elf elf32-littlearm)
LOAD linker stubs
LOAD /opt/st/stm32cubeide_1.13.2/plugins/com.st.stm32cube.ide.mcu.externaltools.gnu-tools-for-stm32.11.3.rel1.linux64_1.1.1.202309131626/tools/bin/../lib/gcc/arm-none-eabi/11.3.1/../../../../arm-none-eabi/lib/thumb/v7e-m+fp/hard/libc.a
LOAD /opt/st/stm32cubeide_1.13.2/plugins/com.st.stm32cube.ide.mcu.externaltools.gnu-tools-for-stm32.11.3.rel1.linux64_1.1.1.202309131626/tools/bin/../lib/gcc/arm-none-eabi/11.3.1/../../../../arm-none-eabi/lib/thumb/v7e-m+fp/hard/libm.a
LOAD /opt/st/stm32cubeide_1.13.2/plugins/com.st.stm32cube.ide.mcu.externaltools.gnu-tools-for-stm32.11.3.rel1.linux64_1.1.1.202309131626/tools/bin/../lib/gcc/arm-none-eabi/11.3.1/thumb/v7e-m+fp/hard/libgcc.a

.comment        0x0000000000000000       0x43
 .comment       0x0000000000000000       0x43 /opt/st/stm32cubeide_1.13.2/plugins/com.st.stm32cube.ide.mcu.externaltools.gnu-tools-for-stm32.11.3.rel1.linux64_1.1.1.202309131626/tools/bin/../lib/gcc/arm-none-eabi/11.3.1/thumb/v7e-m+fp/hard/crtbegin.o
                                         0x44 (size before relaxing)
 .comment       0x0000000000000043       0x44 ./App/app.o
 .comment       0x0000000000000043       0x44 ./App/hooks.o
 .comment       0x0000000000000043       0x44 ./App/led.o
 .comment       0x0000000000000043       0x44 ./Core/Src/main.o
 .comment       0x0000000000000043       0x44 ./Core/Src/stm32f4xx_hal_msp.o
 .comment       0x0000000000000043       0x44 ./Core/Src/stm32f4xx_it.o
 .comment       0x0000000000000043       0x44 ./Core/Src/system_stm32f4xx.o
 .comment       0x0000000000000043       0x44 ./Drivers/STM32F4xx_HAL_Driver/Src/stm32f4xx_hal.o
 .comment       0x0000000000000043       0x44 ./Drivers/STM32F4xx_HAL_Driver/Src/stm32f4xx_hal_cortex.o
 .comment       0x0000000000000043       0x44 ./Drivers/STM32F4xx_HAL_Driver/Src/stm32f4xx_hal_flash.o
 .comment       0x0000000000000043       0x44 ./Drivers/STM32F4xx_HAL_Driver/Src/stm32f4xx_hal_flash_ex.o
 .comment       0x0000000000000043       0x44 ./Drivers/STM32F4xx_HAL_Driver/Src/stm32f4xx_hal_gpio.o
 .comment       0x0000000000000043       0x44 ./Drivers/STM32F4xx_HAL_Driver/Src/stm32f4xx_ll_gpio.o
 .comment       0x0000000000000043       0x44 ./Drivers/STM32F4xx_HAL_Driver/Src/stm32f4xx_ll_rcc.o
 .comment       0x0000000000000043       0x44 ./Drivers/STM32F4xx_HAL_Driver/Src/stm32f4xx_ll_usart.o
 .comment       0x0000000000000043       0x44 ./Drivers/STM32F4xx_HAL_Driver/Src/stm32f4xx_ll_utils.o
 .comment       0x0000000000000043       0x44 ./Loader/ARMCM4_STM32F4/GCC/cpu_comp.o
 .comment       0x0000000000000043       0x44 ./Loader/ARMCM4_STM32F4/cpu.o
 .comment       0x0000000000000043       0x44 ./Loader/ARMCM4_STM32F4/flash.o
 .comment       0x0000000000000043       0x44 ./Loader/ARMCM4_STM32F4/mbrtu.o
 .comment       0x0000000000000043       0x44 ./Loader/ARMCM4_STM32F4/nvm.o
 .comment       0x0000000000000043       0x44 ./Loader/ARMCM4_STM32F4/timer.o
 .comment       0x0000000000000043       0x44 ./Loader/asserts.o
 .comment       0x0000000000000043       0x44 ./Loader/backdoor.o
 .comment       0x0000000000000043       0x44 ./Loader/boot.o
 .comment       0x0000000000000043       0x44 ./Loader/com.o
 .comment       0x0000000000000043       0x44 ./Loader/cop.o
 .comment       0x0000000000000043       0x44 ./Loader/mb.o
 .comment       0x0000000000000043       0x44 ./Loader/xcp.o

.debug_info     0x0000000000000000     0xbe48
 .debug_info    0x0000000000000000       0xab ./App/app.o
 .debug_info    0x00000000000000ab      0x256 ./App/hooks.o
 .debug_info    0x0000000000000301      0x2d0 ./App/led.o
 .debug_info    0x00000000000005d1      0xe2c ./Core/Src/main.o
 .debug_info    0x00000000000013fd      0x5e4 ./Core/Src/stm32f4xx_hal_msp.o
 .debug_info    0x00000000000019e1      0x167 ./Core/Src/stm32f4xx_it.o
 .debug_info    0x0000000000001b48      0x563 ./Core/Src/system_stm32f4xx.o
 .debug_info    0x00000000000020ab       0x23 ./Core/Startup/startup_stm32f446retx.o
 .debug_info    0x00000000000020ce      0xa40 ./Drivers/STM32F4xx_HAL_Driver/Src/stm32f4xx_hal.o
 .debug_info    0x0000000000002b0e      0xfb5 ./Drivers/STM32F4xx_HAL_Driver/Src/stm32f4xx_hal_cortex.o
 .debug_info    0x0000000000003ac3      0x710 ./Drivers/STM32F4xx_HAL_Driver/Src/stm32f4xx_hal_flash.o
 .debug_info    0x00000000000041d3      0x9c5 ./Drivers/STM32F4xx_HAL_Driver/Src/stm32f4xx_hal_flash_ex.o
 .debug_info    0x0000000000004b98      0x750 ./Drivers/STM32F4xx_HAL_Driver/Src/stm32f4xx_hal_gpio.o
 .debug_info    0x00000000000052e8      0xbe3 ./Drivers/STM32F4xx_HAL_Driver/Src/stm32f4xx_ll_gpio.o
 .debug_info    0x0000000000005ecb     0x13e7 ./Drivers/STM32F4xx_HAL_Driver/Src/stm32f4xx_ll_rcc.o
 .debug_info    0x00000000000072b2      0x992 ./Drivers/STM32F4xx_HAL_Driver/Src/stm32f4xx_ll_usart.o
 .debug_info    0x0000000000007c44      0xc67 ./Drivers/STM32F4xx_HAL_Driver/Src/stm32f4xx_ll_utils.o
 .debug_info    0x00000000000088ab       0x83 ./Loader/ARMCM4_STM32F4/GCC/cpu_comp.o
 .debug_info    0x000000000000892e      0x490 ./Loader/ARMCM4_STM32F4/cpu.o
 .debug_info    0x0000000000008dbe      0x9d8 ./Loader/ARMCM4_STM32F4/flash.o
 .debug_info    0x0000000000009796      0xaab ./Loader/ARMCM4_STM32F4/mbrtu.o
 .debug_info    0x000000000000a241      0x249 ./Loader/ARMCM4_STM32F4/nvm.o
 .debug_info    0x000000000000a48a      0x6e1 ./Loader/ARMCM4_STM32F4/timer.o
 .debug_info    0x000000000000ab6b       0xc9 ./Loader/asserts.o
 .debug_info    0x000000000000ac34      0x174 ./Loader/backdoor.o
 .debug_info    0x000000000000ada8      0x137 ./Loader/boot.o
 .debug_info    0x000000000000aedf      0x2da ./Loader/com.o
 .debug_info    0x000000000000b1b9       0xab ./Loader/cop.o
 .debug_info    0x000000000000b264      0x1dc ./Loader/mb.o
 .debug_info    0x000000000000b440      0xa08 ./Loader/xcp.o

.debug_abbrev   0x0000000000000000     0x33eb
 .debug_abbrev  0x0000000000000000       0x7e ./App/app.o
 .debug_abbrev  0x000000000000007e      0x183 ./App/hooks.o
 .debug_abbrev  0x0000000000000201      0x181 ./App/led.o
 .debug_abbrev  0x0000000000000382      0x35b ./Core/Src/main.o
 .debug_abbrev  0x00000000000006dd      0x1dd ./Core/Src/stm32f4xx_hal_msp.o
 .debug_abbrev  0x00000000000008ba       0xb7 ./Core/Src/stm32f4xx_it.o
 .debug_abbrev  0x0000000000000971      0x120 ./Core/Src/system_stm32f4xx.o
 .debug_abbrev  0x0000000000000a91       0x12 ./Core/Startup/startup_stm32f446retx.o
 .debug_abbrev  0x0000000000000aa3      0x241 ./Drivers/STM32F4xx_HAL_Driver/Src/stm32f4xx_hal.o
 .debug_abbrev  0x0000000000000ce4      0x378 ./Drivers/STM32F4xx_HAL_Driver/Src/stm32f4xx_hal_cortex.o
 .debug_abbrev  0x000000000000105c      0x291 ./Drivers/STM32F4xx_HAL_Driver/Src/stm32f4xx_hal_flash.o
 .debug_abbrev  0x00000000000012ed      0x26a ./Drivers/STM32F4xx_HAL_Driver/Src/stm32f4xx_hal_flash_ex.o
 .debug_abbrev  0x0000000000001557      0x204 ./Drivers/STM32F4xx_HAL_Driver/Src/stm32f4xx_hal_gpio.o
 .debug_abbrev  0x000000000000175b      0x268 ./Drivers/STM32F4xx_HAL_Driver/Src/stm32f4xx_ll_gpio.o
 .debug_abbrev  0x00000000000019c3      0x280 ./Drivers/STM32F4xx_HAL_Driver/Src/stm32f4xx_ll_rcc.o
 .debug_abbrev  0x0000000000001c43      0x2d0 ./Drivers/STM32F4xx_HAL_Driver/Src/stm32f4xx_ll_usart.o
 .debug_abbrev  0x0000000000001f13      0x278 ./Drivers/STM32F4xx_HAL_Driver/Src/stm32f4xx_ll_utils.o
 .debug_abbrev  0x000000000000218b       0x47 ./Loader/ARMCM4_STM32F4/GCC/cpu_comp.o
 .debug_abbrev  0x00000000000021d2      0x191 ./Loader/ARMCM4_STM32F4/cpu.o
 .debug_abbrev  0x0000000000002363      0x280 ./Loader/ARMCM4_STM32F4/flash.o
 .debug_abbrev  0x00000000000025e3      0x334 ./Loader/ARMCM4_STM32F4/mbrtu.o
 .debug_abbrev  0x0000000000002917      0x10e ./Loader/ARMCM4_STM32F4/nvm.o
 .debug_abbrev  0x0000000000002a25      0x1d4 ./Loader/ARMCM4_STM32F4/timer.o
 .debug_abbrev  0x0000000000002bf9       0x93 ./Loader/asserts.o
 .debug_abbrev  0x0000000000002c8c       0xe3 ./Loader/backdoor.o
 .debug_abbrev  0x0000000000002d6f       0x7c ./Loader/boot.o
 .debug_abbrev  0x0000000000002deb      0x1e0 ./Loader/com.o
 .debug_abbrev  0x0000000000002fcb       0x7e ./Loader/cop.o
 .debug_abbrev  0x0000000000003049      0x12d ./Loader/mb.o
 .debug_abbrev  0x0000000000003176      0x275 ./Loader/xcp.o

.debug_aranges  0x0000000000000000      0xa68
 .debug_aranges
                0x0000000000000000       0x28 ./App/app.o
 .debug_aranges
                0x0000000000000028       0x38 ./App/hooks.o
 .debug_aranges
                0x0000000000000060       0x30 ./App/led.o
 .debug_aranges
                0x0000000000000090       0x48 ./Core/Src/main.o
 .debug_aranges
                0x00000000000000d8       0x28 ./Core/Src/stm32f4xx_hal_msp.o
 .debug_aranges
                0x0000000000000100       0x60 ./Core/Src/stm32f4xx_it.o
 .debug_aranges
                0x0000000000000160       0x28 ./Core/Src/system_stm32f4xx.o
 .debug_aranges
                0x0000000000000188       0x28 ./Core/Startup/startup_stm32f446retx.o
 .debug_aranges
                0x00000000000001b0       0xf0 ./Drivers/STM32F4xx_HAL_Driver/Src/stm32f4xx_hal.o
 .debug_aranges
                0x00000000000002a0       0xa8 ./Drivers/STM32F4xx_HAL_Driver/Src/stm32f4xx_hal_cortex.o
 .debug_aranges
                0x0000000000000348       0xa0 ./Drivers/STM32F4xx_HAL_Driver/Src/stm32f4xx_hal_flash.o
 .debug_aranges
                0x00000000000003e8       0xc8 ./Drivers/STM32F4xx_HAL_Driver/Src/stm32f4xx_hal_flash_ex.o
 .debug_aranges
                0x00000000000004b0       0x58 ./Drivers/STM32F4xx_HAL_Driver/Src/stm32f4xx_hal_gpio.o
 .debug_aranges
                0x0000000000000508       0x30 ./Drivers/STM32F4xx_HAL_Driver/Src/stm32f4xx_ll_gpio.o
 .debug_aranges
                0x0000000000000538       0xd0 ./Drivers/STM32F4xx_HAL_Driver/Src/stm32f4xx_ll_rcc.o
 .debug_aranges
                0x0000000000000608       0x40 ./Drivers/STM32F4xx_HAL_Driver/Src/stm32f4xx_ll_usart.o
 .debug_aranges
                0x0000000000000648       0x60 ./Drivers/STM32F4xx_HAL_Driver/Src/stm32f4xx_ll_utils.o
 .debug_aranges
                0x00000000000006a8       0x28 ./Loader/ARMCM4_STM32F4/GCC/cpu_comp.o
 .debug_aranges
                0x00000000000006d0       0x38 ./Loader/ARMCM4_STM32F4/cpu.o
 .debug_aranges
                0x0000000000000708       0x88 ./Loader/ARMCM4_STM32F4/flash.o
 .debug_aranges
                0x0000000000000790       0x48 ./Loader/ARMCM4_STM32F4/mbrtu.o
 .debug_aranges
                0x00000000000007d8       0x48 ./Loader/ARMCM4_STM32F4/nvm.o
 .debug_aranges
                0x0000000000000820       0x40 ./Loader/ARMCM4_STM32F4/timer.o
 .debug_aranges
                0x0000000000000860       0x20 ./Loader/asserts.o
 .debug_aranges
                0x0000000000000880       0x40 ./Loader/backdoor.o
 .debug_aranges
                0x00000000000008c0       0x28 ./Loader/boot.o
 .debug_aranges
                0x00000000000008e8       0x50 ./Loader/com.o
 .debug_aranges
                0x0000000000000938       0x28 ./Loader/cop.o
 .debug_aranges
                0x0000000000000960       0x28 ./Loader/mb.o
 .debug_aranges
                0x0000000000000988       0xe0 ./Loader/xcp.o

.debug_rnglists
                0x0000000000000000      0x844
 .debug_rnglists
                0x0000000000000000       0x19 ./App/app.o
 .debug_rnglists
                0x0000000000000019       0x25 ./App/hooks.o
 .debug_rnglists
                0x000000000000003e       0x1f ./App/led.o
 .debug_rnglists
                0x000000000000005d       0x35 ./Core/Src/main.o
 .debug_rnglists
                0x0000000000000092       0x19 ./Core/Src/stm32f4xx_hal_msp.o
 .debug_rnglists
                0x00000000000000ab       0x43 ./Core/Src/stm32f4xx_it.o
 .debug_rnglists
                0x00000000000000ee       0x1a ./Core/Src/system_stm32f4xx.o
 .debug_rnglists
                0x0000000000000108       0x19 ./Core/Startup/startup_stm32f446retx.o
 .debug_rnglists
                0x0000000000000121       0xaf ./Drivers/STM32F4xx_HAL_Driver/Src/stm32f4xx_hal.o
 .debug_rnglists
                0x00000000000001d0       0xa9 ./Drivers/STM32F4xx_HAL_Driver/Src/stm32f4xx_hal_cortex.o
 .debug_rnglists
                0x0000000000000279       0x75 ./Drivers/STM32F4xx_HAL_Driver/Src/stm32f4xx_hal_flash.o
 .debug_rnglists
                0x00000000000002ee       0x93 ./Drivers/STM32F4xx_HAL_Driver/Src/stm32f4xx_hal_flash_ex.o
 .debug_rnglists
                0x0000000000000381       0x3f ./Drivers/STM32F4xx_HAL_Driver/Src/stm32f4xx_hal_gpio.o
 .debug_rnglists
                0x00000000000003c0       0x81 ./Drivers/STM32F4xx_HAL_Driver/Src/stm32f4xx_ll_gpio.o
 .debug_rnglists
                0x0000000000000441       0x9a ./Drivers/STM32F4xx_HAL_Driver/Src/stm32f4xx_ll_rcc.o
 .debug_rnglists
                0x00000000000004db       0x8e ./Drivers/STM32F4xx_HAL_Driver/Src/stm32f4xx_ll_usart.o
 .debug_rnglists
                0x0000000000000569       0x46 ./Drivers/STM32F4xx_HAL_Driver/Src/stm32f4xx_ll_utils.o
 .debug_rnglists
                0x00000000000005af       0x19 ./Loader/ARMCM4_STM32F4/GCC/cpu_comp.o
 .debug_rnglists
                0x00000000000005c8       0x25 ./Loader/ARMCM4_STM32F4/cpu.o
 .debug_rnglists
                0x00000000000005ed       0x62 ./Loader/ARMCM4_STM32F4/flash.o
 .debug_rnglists
                0x000000000000064f       0x34 ./Loader/ARMCM4_STM32F4/mbrtu.o
 .debug_rnglists
                0x0000000000000683       0x31 ./Loader/ARMCM4_STM32F4/nvm.o
 .debug_rnglists
                0x00000000000006b4       0x2c ./Loader/ARMCM4_STM32F4/timer.o
 .debug_rnglists
                0x00000000000006e0       0x13 ./Loader/asserts.o
 .debug_rnglists
                0x00000000000006f3       0x2b ./Loader/backdoor.o
 .debug_rnglists
                0x000000000000071e       0x19 ./Loader/boot.o
 .debug_rnglists
                0x0000000000000737       0x37 ./Loader/com.o
 .debug_rnglists
                0x000000000000076e       0x19 ./Loader/cop.o
 .debug_rnglists
                0x0000000000000787       0x19 ./Loader/mb.o
 .debug_rnglists
                0x00000000000007a0       0xa4 ./Loader/xcp.o

.debug_macro    0x0000000000000000    0x24822
 .debug_macro   0x0000000000000000       0x9a ./App/app.o
 .debug_macro   0x000000000000009a      0xaae ./App/app.o
 .debug_macro   0x0000000000000b48       0x1c ./App/app.o
 .debug_macro   0x0000000000000b64       0x1c ./App/app.o
 .debug_macro   0x0000000000000b80       0x22 ./App/app.o
 .debug_macro   0x0000000000000ba2       0x86 ./App/app.o
 .debug_macro   0x0000000000000c28       0x8d ./App/app.o
 .debug_macro   0x0000000000000cb5       0x1c ./App/app.o
 .debug_macro   0x0000000000000cd1      0x1aa ./App/app.o
 .debug_macro   0x0000000000000e7b       0x1c ./App/app.o
 .debug_macro   0x0000000000000e97       0x28 ./App/app.o
 .debug_macro   0x0000000000000ebf      0x24c ./App/hooks.o
 .debug_macro   0x000000000000110b       0x2e ./App/hooks.o
 .debug_macro   0x0000000000001139       0x28 ./App/hooks.o
 .debug_macro   0x0000000000001161       0x22 ./App/hooks.o
 .debug_macro   0x0000000000001183       0x8e ./App/hooks.o
 .debug_macro   0x0000000000001211       0x51 ./App/hooks.o
 .debug_macro   0x0000000000001262      0x103 ./App/hooks.o
 .debug_macro   0x0000000000001365       0x6a ./App/hooks.o
 .debug_macro   0x00000000000013cf      0x1df ./App/hooks.o
 .debug_macro   0x00000000000015ae       0x1c ./App/hooks.o
 .debug_macro   0x00000000000015ca       0x22 ./App/hooks.o
 .debug_macro   0x00000000000015ec       0xd9 ./App/hooks.o
 .debug_macro   0x00000000000016c5     0x102d ./App/hooks.o
 .debug_macro   0x00000000000026f2      0x11f ./App/hooks.o
 .debug_macro   0x0000000000002811    0x16749 ./App/hooks.o
 .debug_macro   0x0000000000018f5a       0x6d ./App/hooks.o
 .debug_macro   0x0000000000018fc7      0x28f ./App/hooks.o
 .debug_macro   0x0000000000019256     0x367e ./App/hooks.o
 .debug_macro   0x000000000001c8d4      0x174 ./App/hooks.o
 .debug_macro   0x000000000001ca48       0x5c ./App/hooks.o
 .debug_macro   0x000000000001caa4      0xc90 ./App/hooks.o
 .debug_macro   0x000000000001d734      0x9fe ./App/hooks.o
 .debug_macro   0x000000000001e132      0x115 ./App/hooks.o
 .debug_macro   0x000000000001e247      0x1a0 ./App/hooks.o
 .debug_macro   0x000000000001e3e7       0xa5 ./App/hooks.o
 .debug_macro   0x000000000001e48c      0x16d ./App/hooks.o
 .debug_macro   0x000000000001e5f9      0x287 ./App/hooks.o
 .debug_macro   0x000000000001e880       0x5f ./App/hooks.o
 .debug_macro   0x000000000001e8df      0x236 ./App/hooks.o
 .debug_macro   0x000000000001eb15      0x132 ./App/hooks.o
 .debug_macro   0x000000000001ec47      0x29c ./App/hooks.o
 .debug_macro   0x000000000001eee3       0x2e ./App/hooks.o
 .debug_macro   0x000000000001ef11      0x11a ./App/hooks.o
 .debug_macro   0x000000000001f02b       0xe8 ./App/hooks.o
 .debug_macro   0x000000000001f113       0x89 ./App/hooks.o
 .debug_macro   0x000000000001f19c      0x126 ./App/hooks.o
 .debug_macro   0x000000000001f2c2      0x149 ./App/hooks.o
 .debug_macro   0x000000000001f40b      0x24c ./App/led.o
 .debug_macro   0x000000000001f657      0x21e ./Core/Src/main.o
 .debug_macro   0x000000000001f875      0xd69 ./Core/Src/main.o
 .debug_macro   0x00000000000205de      0x1db ./Core/Src/main.o
 .debug_macro   0x00000000000207b9      0x21c ./Core/Src/main.o
 .debug_macro   0x00000000000209d5       0xe8 ./Core/Src/main.o
 .debug_macro   0x0000000000020abd      0x1a6 ./Core/Src/main.o
 .debug_macro   0x0000000000020c63       0x61 ./Core/Src/main.o
 .debug_macro   0x0000000000020cc4       0xd5 ./Core/Src/main.o
 .debug_macro   0x0000000000020d99      0x1e6 ./Core/Src/main.o
 .debug_macro   0x0000000000020f7f      0x1bb ./Core/Src/main.o
 .debug_macro   0x000000000002113a      0x214 ./Core/Src/stm32f4xx_hal_msp.o
 .debug_macro   0x000000000002134e      0x21e ./Core/Src/stm32f4xx_it.o
 .debug_macro   0x000000000002156c      0x1b0 ./Core/Src/system_stm32f4xx.o
 .debug_macro   0x000000000002171c      0x210 ./Drivers/STM32F4xx_HAL_Driver/Src/stm32f4xx_hal.o
 .debug_macro   0x000000000002192c      0x1b0 ./Drivers/STM32F4xx_HAL_Driver/Src/stm32f4xx_hal_cortex.o
 .debug_macro   0x0000000000021adc      0x1b6 ./Drivers/STM32F4xx_HAL_Driver/Src/stm32f4xx_hal_flash.o
 .debug_macro   0x0000000000021c92      0x1b6 ./Drivers/STM32F4xx_HAL_Driver/Src/stm32f4xx_hal_flash_ex.o
 .debug_macro   0x0000000000021e48      0x1b6 ./Drivers/STM32F4xx_HAL_Driver/Src/stm32f4xx_hal_gpio.o
 .debug_macro   0x0000000000021ffe      0x1f2 ./Drivers/STM32F4xx_HAL_Driver/Src/stm32f4xx_ll_gpio.o
 .debug_macro   0x00000000000221f0      0x143 ./Drivers/STM32F4xx_HAL_Driver/Src/stm32f4xx_ll_gpio.o
 .debug_macro   0x0000000000022333      0x1ef ./Drivers/STM32F4xx_HAL_Driver/Src/stm32f4xx_ll_rcc.o
 .debug_macro   0x0000000000022522      0xd63 ./Drivers/STM32F4xx_HAL_Driver/Src/stm32f4xx_ll_rcc.o
 .debug_macro   0x0000000000023285      0x21f ./Drivers/STM32F4xx_HAL_Driver/Src/stm32f4xx_ll_usart.o
 .debug_macro   0x00000000000234a4      0x1b5 ./Drivers/STM32F4xx_HAL_Driver/Src/stm32f4xx_ll_usart.o
 .debug_macro   0x0000000000023659      0x2ae ./Drivers/STM32F4xx_HAL_Driver/Src/stm32f4xx_ll_utils.o
 .debug_macro   0x0000000000023907       0x5b ./Drivers/STM32F4xx_HAL_Driver/Src/stm32f4xx_ll_utils.o
 .debug_macro   0x0000000000023962       0x9a ./Loader/ARMCM4_STM32F4/GCC/cpu_comp.o
 .debug_macro   0x00000000000239fc      0x245 ./Loader/ARMCM4_STM32F4/cpu.o
 .debug_macro   0x0000000000023c41      0x25c ./Loader/ARMCM4_STM32F4/flash.o
 .debug_macro   0x0000000000023e9d      0x24e ./Loader/ARMCM4_STM32F4/mbrtu.o
 .debug_macro   0x00000000000240eb       0xa4 ./Loader/ARMCM4_STM32F4/nvm.o
 .debug_macro   0x000000000002418f      0x257 ./Loader/ARMCM4_STM32F4/timer.o
 .debug_macro   0x00000000000243e6       0x9a ./Loader/asserts.o
 .debug_macro   0x0000000000024480       0xa0 ./Loader/backdoor.o
 .debug_macro   0x0000000000024520       0x9a ./Loader/boot.o
 .debug_macro   0x00000000000245ba       0x9a ./Loader/com.o
 .debug_macro   0x0000000000024654       0x9a ./Loader/cop.o
 .debug_macro   0x00000000000246ee       0x9a ./Loader/mb.o
 .debug_macro   0x0000000000024788       0x9a ./Loader/xcp.o

.debug_line     0x0000000000000000     0xe240
 .debug_line    0x0000000000000000      0x120 ./App/app.o
 .debug_line    0x0000000000000120      0x774 ./App/hooks.o
 .debug_line    0x0000000000000894      0x7ac ./App/led.o
 .debug_line    0x0000000000001040      0xbb1 ./Core/Src/main.o
 .debug_line    0x0000000000001bf1      0x7ef ./Core/Src/stm32f4xx_hal_msp.o
 .debug_line    0x00000000000023e0      0x82a ./Core/Src/stm32f4xx_it.o
 .debug_line    0x0000000000002c0a      0x6ff ./Core/Src/system_stm32f4xx.o
 .debug_line    0x0000000000003309       0x7a ./Core/Startup/startup_stm32f446retx.o
 .debug_line    0x0000000000003383      0x9a0 ./Drivers/STM32F4xx_HAL_Driver/Src/stm32f4xx_hal.o
 .debug_line    0x0000000000003d23      0xbe3 ./Drivers/STM32F4xx_HAL_Driver/Src/stm32f4xx_hal_cortex.o
 .debug_line    0x0000000000004906      0xb9f ./Drivers/STM32F4xx_HAL_Driver/Src/stm32f4xx_hal_flash.o
 .debug_line    0x00000000000054a5      0xc72 ./Drivers/STM32F4xx_HAL_Driver/Src/stm32f4xx_hal_flash_ex.o
 .debug_line    0x0000000000006117      0xb2a ./Drivers/STM32F4xx_HAL_Driver/Src/stm32f4xx_hal_gpio.o
 .debug_line    0x0000000000006c41      0xb73 ./Drivers/STM32F4xx_HAL_Driver/Src/stm32f4xx_ll_gpio.o
 .debug_line    0x00000000000077b4     0x1434 ./Drivers/STM32F4xx_HAL_Driver/Src/stm32f4xx_ll_rcc.o
 .debug_line    0x0000000000008be8      0xab9 ./Drivers/STM32F4xx_HAL_Driver/Src/stm32f4xx_ll_usart.o
 .debug_line    0x00000000000096a1      0xd0c ./Drivers/STM32F4xx_HAL_Driver/Src/stm32f4xx_ll_utils.o
 .debug_line    0x000000000000a3ad      0x15c ./Loader/ARMCM4_STM32F4/GCC/cpu_comp.o
 .debug_line    0x000000000000a509      0x7fc ./Loader/ARMCM4_STM32F4/cpu.o
 .debug_line    0x000000000000ad05      0xd6a ./Loader/ARMCM4_STM32F4/flash.o
 .debug_line    0x000000000000ba6f      0xb54 ./Loader/ARMCM4_STM32F4/mbrtu.o
 .debug_line    0x000000000000c5c3      0x1eb ./Loader/ARMCM4_STM32F4/nvm.o
 .debug_line    0x000000000000c7ae      0x93a ./Loader/ARMCM4_STM32F4/timer.o
 .debug_line    0x000000000000d0e8      0x134 ./Loader/asserts.o
 .debug_line    0x000000000000d21c      0x1de ./Loader/backdoor.o
 .debug_line    0x000000000000d3fa      0x141 ./Loader/boot.o
 .debug_line    0x000000000000d53b      0x23b ./Loader/com.o
 .debug_line    0x000000000000d776      0x137 ./Loader/cop.o
 .debug_line    0x000000000000d8ad      0x1c3 ./Loader/mb.o
 .debug_line    0x000000000000da70      0x7d0 ./Loader/xcp.o

.debug_str      0x0000000000000000    0xd6453
 .debug_str     0x0000000000000000     0x3c75 ./App/app.o
                                       0x3cd9 (size before relaxing)
 .debug_str     0x0000000000003c75    0xbd660 ./App/hooks.o
                                      0xc18ee (size before relaxing)
 .debug_str     0x00000000000c12d5       0x81 ./App/led.o
                                      0xc18f3 (size before relaxing)
 .debug_str     0x00000000000c1356     0xfa70 ./Core/Src/main.o
                                      0xd04c4 (size before relaxing)
 .debug_str     0x00000000000d0dc6       0xc2 ./Core/Src/stm32f4xx_hal_msp.o
                                      0xd00ff (size before relaxing)
 .debug_str     0x00000000000d0e88       0xc9 ./Core/Src/stm32f4xx_it.o
                                      0xcff51 (size before relaxing)
 .debug_str     0x00000000000d0f51       0xcb ./Core/Src/system_stm32f4xx.o
                                      0xc0427 (size before relaxing)
 .debug_str     0x00000000000d101c       0x34 ./Core/Startup/startup_stm32f446retx.o
                                         0x99 (size before relaxing)
 .debug_str     0x00000000000d1050      0xad8 ./Drivers/STM32F4xx_HAL_Driver/Src/stm32f4xx_hal.o
                                      0xc0fec (size before relaxing)
 .debug_str     0x00000000000d1b28      0x35e ./Drivers/STM32F4xx_HAL_Driver/Src/stm32f4xx_hal_cortex.o
                                      0xc0cfa (size before relaxing)
 .debug_str     0x00000000000d1e86      0x2fe ./Drivers/STM32F4xx_HAL_Driver/Src/stm32f4xx_hal_flash.o
                                      0xc05f2 (size before relaxing)
 .debug_str     0x00000000000d2184      0x2f1 ./Drivers/STM32F4xx_HAL_Driver/Src/stm32f4xx_hal_flash_ex.o
                                      0xc0715 (size before relaxing)
 .debug_str     0x00000000000d2475      0x12b ./Drivers/STM32F4xx_HAL_Driver/Src/stm32f4xx_hal_gpio.o
                                      0xc05a2 (size before relaxing)
 .debug_str     0x00000000000d25a0      0x64f ./Drivers/STM32F4xx_HAL_Driver/Src/stm32f4xx_ll_gpio.o
                                      0xc1e07 (size before relaxing)
 .debug_str     0x00000000000d2bef      0x998 ./Drivers/STM32F4xx_HAL_Driver/Src/stm32f4xx_ll_rcc.o
                                      0xca916 (size before relaxing)
 .debug_str     0x00000000000d3587      0x845 ./Drivers/STM32F4xx_HAL_Driver/Src/stm32f4xx_ll_usart.o
                                      0xcc2be (size before relaxing)
 .debug_str     0x00000000000d3dcc     0x1789 ./Drivers/STM32F4xx_HAL_Driver/Src/stm32f4xx_ll_utils.o
                                      0xcd012 (size before relaxing)
 .debug_str     0x00000000000d5555       0x5d ./Loader/ARMCM4_STM32F4/GCC/cpu_comp.o
                                       0x3d07 (size before relaxing)
 .debug_str     0x00000000000d55b2      0x184 ./Loader/ARMCM4_STM32F4/cpu.o
                                      0xc130c (size before relaxing)
 .debug_str     0x00000000000d5736      0x36b ./Loader/ARMCM4_STM32F4/flash.o
                                      0xc1520 (size before relaxing)
 .debug_str     0x00000000000d5aa1      0x29d ./Loader/ARMCM4_STM32F4/mbrtu.o
                                      0xc22f9 (size before relaxing)
 .debug_str     0x00000000000d5d3e       0x5b ./Loader/ARMCM4_STM32F4/nvm.o
                                       0x3dd8 (size before relaxing)
 .debug_str     0x00000000000d5d99      0x136 ./Loader/ARMCM4_STM32F4/timer.o
                                      0xcbbee (size before relaxing)
 .debug_str     0x00000000000d5ecf       0x33 ./Loader/asserts.o
                                       0x3d0f (size before relaxing)
 .debug_str     0x00000000000d5f02       0xfe ./Loader/backdoor.o
                                       0x3dd9 (size before relaxing)
 .debug_str     0x00000000000d6000       0x43 ./Loader/boot.o
                                       0x3d4b (size before relaxing)
 .debug_str     0x00000000000d6043      0x13e ./Loader/com.o
                                       0x3e6a (size before relaxing)
 .debug_str     0x00000000000d6181       0x2a ./Loader/cop.o
                                       0x3d02 (size before relaxing)
 .debug_str     0x00000000000d61ab       0x53 ./Loader/mb.o
                                       0x3d95 (size before relaxing)
 .debug_str     0x00000000000d61fe      0x255 ./Loader/xcp.o
                                       0x402c (size before relaxing)

.debug_frame    0x0000000000000000     0x1680
 .debug_frame   0x0000000000000000       0x40 ./App/app.o
 .debug_frame   0x0000000000000040       0x68 ./App/hooks.o
 .debug_frame   0x00000000000000a8       0x48 ./App/led.o
 .debug_frame   0x00000000000000f0       0xb0 ./Core/Src/main.o
 .debug_frame   0x00000000000001a0       0x44 ./Core/Src/stm32f4xx_hal_msp.o
 .debug_frame   0x00000000000001e4       0xa8 ./Core/Src/stm32f4xx_it.o
 .debug_frame   0x000000000000028c       0x30 ./Core/Src/system_stm32f4xx.o
 .debug_frame   0x00000000000002bc      0x1ec ./Drivers/STM32F4xx_HAL_Driver/Src/stm32f4xx_hal.o
 .debug_frame   0x00000000000004a8      0x148 ./Drivers/STM32F4xx_HAL_Driver/Src/stm32f4xx_hal_cortex.o
 .debug_frame   0x00000000000005f0      0x168 ./Drivers/STM32F4xx_HAL_Driver/Src/stm32f4xx_hal_flash.o
 .debug_frame   0x0000000000000758      0x1dc ./Drivers/STM32F4xx_HAL_Driver/Src/stm32f4xx_hal_flash_ex.o
 .debug_frame   0x0000000000000934       0xd8 ./Drivers/STM32F4xx_HAL_Driver/Src/stm32f4xx_hal_gpio.o
 .debug_frame   0x0000000000000a0c       0x68 ./Drivers/STM32F4xx_HAL_Driver/Src/stm32f4xx_ll_gpio.o
 .debug_frame   0x0000000000000a74      0x1c8 ./Drivers/STM32F4xx_HAL_Driver/Src/stm32f4xx_ll_rcc.o
 .debug_frame   0x0000000000000c3c       0x7c ./Drivers/STM32F4xx_HAL_Driver/Src/stm32f4xx_ll_usart.o
 .debug_frame   0x0000000000000cb8       0xd4 ./Drivers/STM32F4xx_HAL_Driver/Src/stm32f4xx_ll_utils.o
 .debug_frame   0x0000000000000d8c       0x30 ./Loader/ARMCM4_STM32F4/GCC/cpu_comp.o
 .debug_frame   0x0000000000000dbc       0x78 ./Loader/ARMCM4_STM32F4/cpu.o
 .debug_frame   0x0000000000000e34      0x188 ./Loader/ARMCM4_STM32F4/flash.o
 .debug_frame   0x0000000000000fbc       0xb0 ./Loader/ARMCM4_STM32F4/mbrtu.o
 .debug_frame   0x000000000000106c       0xa0 ./Loader/ARMCM4_STM32F4/nvm.o
 .debug_frame   0x000000000000110c       0x88 ./Loader/ARMCM4_STM32F4/timer.o
 .debug_frame   0x0000000000001194       0x28 ./Loader/asserts.o
 .debug_frame   0x00000000000011bc       0x78 ./Loader/backdoor.o
 .debug_frame   0x0000000000001234       0x40 ./Loader/boot.o
 .debug_frame   0x0000000000001274       0xa8 ./Loader/com.o
 .debug_frame   0x000000000000131c       0x40 ./Loader/cop.o
 .debug_frame   0x000000000000135c       0x4c ./Loader/mb.o
 .debug_frame   0x00000000000013a8      0x24c ./Loader/xcp.o
 .debug_frame   0x00000000000015f4       0x2c /opt/st/stm32cubeide_1.13.2/plugins/com.st.stm32cube.ide.mcu.externaltools.gnu-tools-for-stm32.11.3.rel1.linux64_1.1.1.202309131626/tools/bin/../lib/gcc/arm-none-eabi/11.3.1/../../../../arm-none-eabi/lib/thumb/v7e-m+fp/hard/libc_nano.a(libc_a-init.o)
 .debug_frame   0x0000000000001620       0x2c /opt/st/stm32cubeide_1.13.2/plugins/com.st.stm32cube.ide.mcu.externaltools.gnu-tools-for-stm32.11.3.rel1.linux64_1.1.1.202309131626/tools/bin/../lib/gcc/arm-none-eabi/11.3.1/thumb/v7e-m+fp/hard/libgcc.a(_aeabi_uldivmod.o)
 .debug_frame   0x000000000000164c       0x34 /opt/st/stm32cubeide_1.13.2/plugins/com.st.stm32cube.ide.mcu.externaltools.gnu-tools-for-stm32.11.3.rel1.linux64_1.1.1.202309131626/tools/bin/../lib/gcc/arm-none-eabi/11.3.1/thumb/v7e-m+fp/hard/libgcc.a(_udivmoddi4.o)

.debug_loclists
                0x0000000000000000     0x3864
 .debug_loclists
                0x0000000000000000       0x2a ./App/hooks.o
 .debug_loclists
                0x000000000000002a       0x46 ./App/led.o
 .debug_loclists
                0x0000000000000070      0x10b ./Core/Src/main.o
 .debug_loclists
                0x000000000000017b       0x95 ./Core/Src/stm32f4xx_hal_msp.o
 .debug_loclists
                0x0000000000000210       0xdb ./Core/Src/system_stm32f4xx.o
 .debug_loclists
                0x00000000000002eb       0xc9 ./Drivers/STM32F4xx_HAL_Driver/Src/stm32f4xx_hal.o
 .debug_loclists
                0x00000000000003b4      0x4db ./Drivers/STM32F4xx_HAL_Driver/Src/stm32f4xx_hal_cortex.o
 .debug_loclists
                0x000000000000088f      0x262 ./Drivers/STM32F4xx_HAL_Driver/Src/stm32f4xx_hal_flash.o
 .debug_loclists
                0x0000000000000af1      0x44f ./Drivers/STM32F4xx_HAL_Driver/Src/stm32f4xx_hal_flash_ex.o
 .debug_loclists
                0x0000000000000f40      0x356 ./Drivers/STM32F4xx_HAL_Driver/Src/stm32f4xx_hal_gpio.o
 .debug_loclists
                0x0000000000001296      0x441 ./Drivers/STM32F4xx_HAL_Driver/Src/stm32f4xx_ll_gpio.o
 .debug_loclists
                0x00000000000016d7      0x71c ./Drivers/STM32F4xx_HAL_Driver/Src/stm32f4xx_ll_rcc.o
 .debug_loclists
                0x0000000000001df3      0x3e5 ./Drivers/STM32F4xx_HAL_Driver/Src/stm32f4xx_ll_usart.o
 .debug_loclists
                0x00000000000021d8      0x423 ./Drivers/STM32F4xx_HAL_Driver/Src/stm32f4xx_ll_utils.o
 .debug_loclists
                0x00000000000025fb      0x123 ./Loader/ARMCM4_STM32F4/cpu.o
 .debug_loclists
                0x000000000000271e      0x576 ./Loader/ARMCM4_STM32F4/flash.o
 .debug_loclists
                0x0000000000002c94      0x39c ./Loader/ARMCM4_STM32F4/mbrtu.o
 .debug_loclists
                0x0000000000003030       0x7f ./Loader/ARMCM4_STM32F4/nvm.o
 .debug_loclists
                0x00000000000030af       0x90 ./Loader/ARMCM4_STM32F4/timer.o
 .debug_loclists
                0x000000000000313f       0x3a ./Loader/asserts.o
 .debug_loclists
                0x0000000000003179       0x87 ./Loader/com.o
 .debug_loclists
                0x0000000000003200       0xe8 ./Loader/mb.o
 .debug_loclists
                0x00000000000032e8      0x57c ./Loader/xcp.o

.debug_line_str
                0x0000000000000000       0x8d
 .debug_line_str
                0x0000000000000000       0x8d ./Core/Startup/startup_stm32f446retx.o
                                         0xa5 (size before relaxing)
