../Drivers/STM32F4xx_HAL_Driver/Src/stm32f4xx_ll_rcc.c:184:13:LL_RCC_DeInit	8	static
../Drivers/STM32F4xx_HAL_Driver/Src/stm32f4xx_ll_rcc.c:809:10:LL_RCC_GetCECClockFreq	0	static
../Drivers/STM32F4xx_HAL_Driver/Src/stm32f4xx_ll_rcc.c:1156:10:RCC_GetHCLKClockFreq	0	static
../Drivers/STM32F4xx_HAL_Driver/Src/stm32f4xx_ll_rcc.c:1167:10:RCC_GetPCLK1ClockFreq	0	static
../Drivers/STM32F4xx_HAL_Driver/Src/stm32f4xx_ll_rcc.c:1178:10:RCC_GetPCLK2ClockFreq	0	static
../Drivers/STM32F4xx_HAL_Driver/Src/stm32f4xx_ll_rcc.c:1189:10:RCC_PLL_GetFreqDomain_SYS	0	static
../Drivers/STM32F4xx_HAL_Driver/Src/stm32f4xx_ll_rcc.c:1118:10:RCC_GetSystemClockFreq	8	static
../Drivers/STM32F4xx_HAL_Driver/Src/stm32f4xx_ll_rcc.c:302:6:LL_RCC_GetSystemClocksFreq	8	static
../Drivers/STM32F4xx_HAL_Driver/Src/stm32f4xx_ll_rcc.c:325:10:LL_RCC_GetFMPI2CClockFreq	8	static
../Drivers/STM32F4xx_HAL_Driver/Src/stm32f4xx_ll_rcc.c:1233:10:RCC_PLL_GetFreqDomain_48M	0	static
../Drivers/STM32F4xx_HAL_Driver/Src/stm32f4xx_ll_rcc.c:1295:10:RCC_PLL_GetFreqDomain_I2S	0	static
../Drivers/STM32F4xx_HAL_Driver/Src/stm32f4xx_ll_rcc.c:1325:10:RCC_PLL_GetFreqDomain_SPDIFRX	0	static
../Drivers/STM32F4xx_HAL_Driver/Src/stm32f4xx_ll_rcc.c:1356:10:RCC_PLL_GetFreqDomain_SAI	0	static
../Drivers/STM32F4xx_HAL_Driver/Src/stm32f4xx_ll_rcc.c:1397:10:RCC_PLLSAI_GetFreqDomain_SAI	0	static
../Drivers/STM32F4xx_HAL_Driver/Src/stm32f4xx_ll_rcc.c:1429:10:RCC_PLLSAI_GetFreqDomain_48M	0	static
../Drivers/STM32F4xx_HAL_Driver/Src/stm32f4xx_ll_rcc.c:681:10:LL_RCC_GetSDIOClockFreq	8	static
../Drivers/STM32F4xx_HAL_Driver/Src/stm32f4xx_ll_rcc.c:847:10:LL_RCC_GetUSBClockFreq	8	static
../Drivers/STM32F4xx_HAL_Driver/Src/stm32f4xx_ll_rcc.c:1497:10:RCC_PLLI2S_GetFreqDomain_SAI	0	static
../Drivers/STM32F4xx_HAL_Driver/Src/stm32f4xx_ll_rcc.c:541:10:LL_RCC_GetSAIClockFreq	8	static
../Drivers/STM32F4xx_HAL_Driver/Src/stm32f4xx_ll_rcc.c:1543:10:RCC_PLLI2S_GetFreqDomain_SPDIFRX	0	static
../Drivers/STM32F4xx_HAL_Driver/Src/stm32f4xx_ll_rcc.c:1072:10:LL_RCC_GetSPDIFRXClockFreq	8	static
../Drivers/STM32F4xx_HAL_Driver/Src/stm32f4xx_ll_rcc.c:1573:10:RCC_PLLI2S_GetFreqDomain_I2S	0	static
../Drivers/STM32F4xx_HAL_Driver/Src/stm32f4xx_ll_rcc.c:369:10:LL_RCC_GetI2SClockFreq	8	static
